Archive member included to satisfy reference by file (symbol)

c:/st/stm32cubeide_1.6.0/stm32cubeide/plugins/com.st.stm32cube.ide.mcu.externaltools.gnu-tools-for-stm32.9-2020-q2-update.win32_1.5.0.202011040924/tools/bin/../lib/gcc/arm-none-eabi/9.3.1/../../../../arm-none-eabi/lib/thumb/v7e-m+fp/hard\libc_nano.a(lib_a-errno.o)
                              Core/Src/syscalls.o (__errno)
c:/st/stm32cubeide_1.6.0/stm32cubeide/plugins/com.st.stm32cube.ide.mcu.externaltools.gnu-tools-for-stm32.9-2020-q2-update.win32_1.5.0.202011040924/tools/bin/../lib/gcc/arm-none-eabi/9.3.1/../../../../arm-none-eabi/lib/thumb/v7e-m+fp/hard\libc_nano.a(lib_a-exit.o)
                              c:/st/stm32cubeide_1.6.0/stm32cubeide/plugins/com.st.stm32cube.ide.mcu.externaltools.gnu-tools-for-stm32.9-2020-q2-update.win32_1.5.0.202011040924/tools/bin/../lib/gcc/arm-none-eabi/9.3.1/../../../../arm-none-eabi/lib/thumb/v7e-m+fp/hard/crt0.o (exit)
c:/st/stm32cubeide_1.6.0/stm32cubeide/plugins/com.st.stm32cube.ide.mcu.externaltools.gnu-tools-for-stm32.9-2020-q2-update.win32_1.5.0.202011040924/tools/bin/../lib/gcc/arm-none-eabi/9.3.1/../../../../arm-none-eabi/lib/thumb/v7e-m+fp/hard\libc_nano.a(lib_a-impure.o)
                              c:/st/stm32cubeide_1.6.0/stm32cubeide/plugins/com.st.stm32cube.ide.mcu.externaltools.gnu-tools-for-stm32.9-2020-q2-update.win32_1.5.0.202011040924/tools/bin/../lib/gcc/arm-none-eabi/9.3.1/../../../../arm-none-eabi/lib/thumb/v7e-m+fp/hard\libc_nano.a(lib_a-exit.o) (_global_impure_ptr)
c:/st/stm32cubeide_1.6.0/stm32cubeide/plugins/com.st.stm32cube.ide.mcu.externaltools.gnu-tools-for-stm32.9-2020-q2-update.win32_1.5.0.202011040924/tools/bin/../lib/gcc/arm-none-eabi/9.3.1/../../../../arm-none-eabi/lib/thumb/v7e-m+fp/hard\libc_nano.a(lib_a-init.o)
                              c:/st/stm32cubeide_1.6.0/stm32cubeide/plugins/com.st.stm32cube.ide.mcu.externaltools.gnu-tools-for-stm32.9-2020-q2-update.win32_1.5.0.202011040924/tools/bin/../lib/gcc/arm-none-eabi/9.3.1/../../../../arm-none-eabi/lib/thumb/v7e-m+fp/hard/crt0.o (__libc_init_array)
c:/st/stm32cubeide_1.6.0/stm32cubeide/plugins/com.st.stm32cube.ide.mcu.externaltools.gnu-tools-for-stm32.9-2020-q2-update.win32_1.5.0.202011040924/tools/bin/../lib/gcc/arm-none-eabi/9.3.1/../../../../arm-none-eabi/lib/thumb/v7e-m+fp/hard\libc_nano.a(lib_a-memcpy-stub.o)
                              Middlewares/Third_Party/FreeRTOS/Source/queue.o (memcpy)
c:/st/stm32cubeide_1.6.0/stm32cubeide/plugins/com.st.stm32cube.ide.mcu.externaltools.gnu-tools-for-stm32.9-2020-q2-update.win32_1.5.0.202011040924/tools/bin/../lib/gcc/arm-none-eabi/9.3.1/../../../../arm-none-eabi/lib/thumb/v7e-m+fp/hard\libc_nano.a(lib_a-memset.o)
                              c:/st/stm32cubeide_1.6.0/stm32cubeide/plugins/com.st.stm32cube.ide.mcu.externaltools.gnu-tools-for-stm32.9-2020-q2-update.win32_1.5.0.202011040924/tools/bin/../lib/gcc/arm-none-eabi/9.3.1/../../../../arm-none-eabi/lib/thumb/v7e-m+fp/hard/crt0.o (memset)
c:/st/stm32cubeide_1.6.0/stm32cubeide/plugins/com.st.stm32cube.ide.mcu.externaltools.gnu-tools-for-stm32.9-2020-q2-update.win32_1.5.0.202011040924/tools/bin/../lib/gcc/arm-none-eabi/9.3.1/../../../../arm-none-eabi/lib/thumb/v7e-m+fp/hard\libm.a(lib_a-w_pow.o)
                              Core/Src/main.o (pow)
c:/st/stm32cubeide_1.6.0/stm32cubeide/plugins/com.st.stm32cube.ide.mcu.externaltools.gnu-tools-for-stm32.9-2020-q2-update.win32_1.5.0.202011040924/tools/bin/../lib/gcc/arm-none-eabi/9.3.1/../../../../arm-none-eabi/lib/thumb/v7e-m+fp/hard\libm.a(lib_a-e_pow.o)
                              c:/st/stm32cubeide_1.6.0/stm32cubeide/plugins/com.st.stm32cube.ide.mcu.externaltools.gnu-tools-for-stm32.9-2020-q2-update.win32_1.5.0.202011040924/tools/bin/../lib/gcc/arm-none-eabi/9.3.1/../../../../arm-none-eabi/lib/thumb/v7e-m+fp/hard\libm.a(lib_a-w_pow.o) (__ieee754_pow)
c:/st/stm32cubeide_1.6.0/stm32cubeide/plugins/com.st.stm32cube.ide.mcu.externaltools.gnu-tools-for-stm32.9-2020-q2-update.win32_1.5.0.202011040924/tools/bin/../lib/gcc/arm-none-eabi/9.3.1/../../../../arm-none-eabi/lib/thumb/v7e-m+fp/hard\libm.a(lib_a-e_sqrt.o)
                              c:/st/stm32cubeide_1.6.0/stm32cubeide/plugins/com.st.stm32cube.ide.mcu.externaltools.gnu-tools-for-stm32.9-2020-q2-update.win32_1.5.0.202011040924/tools/bin/../lib/gcc/arm-none-eabi/9.3.1/../../../../arm-none-eabi/lib/thumb/v7e-m+fp/hard\libm.a(lib_a-e_pow.o) (__ieee754_sqrt)
c:/st/stm32cubeide_1.6.0/stm32cubeide/plugins/com.st.stm32cube.ide.mcu.externaltools.gnu-tools-for-stm32.9-2020-q2-update.win32_1.5.0.202011040924/tools/bin/../lib/gcc/arm-none-eabi/9.3.1/../../../../arm-none-eabi/lib/thumb/v7e-m+fp/hard\libm.a(lib_a-s_fabs.o)
                              c:/st/stm32cubeide_1.6.0/stm32cubeide/plugins/com.st.stm32cube.ide.mcu.externaltools.gnu-tools-for-stm32.9-2020-q2-update.win32_1.5.0.202011040924/tools/bin/../lib/gcc/arm-none-eabi/9.3.1/../../../../arm-none-eabi/lib/thumb/v7e-m+fp/hard\libm.a(lib_a-e_pow.o) (fabs)
[...]
Memory Configuration

Name             Origin             Length             Attributes
CCMRAM           0x0000000010000000 0x0000000000010000 xrw
RAM              0x0000000020000000 0x0000000000020000 xrw
FLASH            0x0000000008000000 0x0000000000100000 xr
*default*        0x0000000000000000 0xffffffffffffffff

Linker script and memory map

LOAD c:/st/stm32cubeide_1.6.0/stm32cubeide/plugins/com.st.stm32cube.ide.mcu.externaltools.gnu-tools-for-stm32.9-2020-q2-update.win32_1.5.0.202011040924/tools/bin/../lib/gcc/arm-none-eabi/9.3.1/thumb/v7e-m+fp/hard/crti.o
LOAD c:/st/stm32cubeide_1.6.0/stm32cubeide/plugins/com.st.stm32cube.ide.mcu.externaltools.gnu-tools-for-stm32.9-2020-q2-update.win32_1.5.0.202011040924/tools/bin/../lib/gcc/arm-none-eabi/9.3.1/thumb/v7e-m+fp/hard/crtbegin.o
LOAD c:/st/stm32cubeide_1.6.0/stm32cubeide/plugins/com.st.stm32cube.ide.mcu.externaltools.gnu-tools-for-stm32.9-2020-q2-update.win32_1.5.0.202011040924/tools/bin/../lib/gcc/arm-none-eabi/9.3.1/../../../../arm-none-eabi/lib/thumb/v7e-m+fp/hard/crt0.o
LOAD Core/Src/Delay.o
LOAD Core/Src/ads1115.o
LOAD Core/Src/freertos.o
LOAD Core/Src/main.o
LOAD Core/Src/modbus.o
LOAD Core/Src/stm32f4xx_hal_msp.o
LOAD Core/Src/stm32f4xx_hal_timebase_tim.o
LOAD Core/Src/stm32f4xx_it.o
LOAD Core/Src/syscalls.o
LOAD Core/Src/sysmem.o
LOAD Core/Src/system_stm32f4xx.o
LOAD Core/Startup/startup_stm32f407vgtx.o
LOAD Drivers/STM32F4xx_HAL_Driver/Src/stm32f4xx_hal.o
LOAD Drivers/STM32F4xx_HAL_Driver/Src/stm32f4xx_hal_cortex.o
LOAD Drivers/STM32F4xx_HAL_Driver/Src/stm32f4xx_hal_dma.o
LOAD Drivers/STM32F4xx_HAL_Driver/Src/stm32f4xx_hal_dma_ex.o
LOAD Drivers/STM32F4xx_HAL_Driver/Src/stm32f4xx_hal_exti.o
LOAD Drivers/STM32F4xx_HAL_Driver/Src/stm32f4xx_hal_flash.o
LOAD Drivers/STM32F4xx_HAL_Driver/Src/stm32f4xx_hal_flash_ex.o
LOAD Drivers/STM32F4xx_HAL_Driver/Src/stm32f4xx_hal_flash_ramfunc.o
LOAD Drivers/STM32F4xx_HAL_Driver/Src/stm32f4xx_hal_gpio.o
LOAD Drivers/STM32F4xx_HAL_Driver/Src/stm32f4xx_hal_i2c.o
LOAD Drivers/STM32F4xx_HAL_Driver/Src/stm32f4xx_hal_i2c_ex.o
LOAD Drivers/STM32F4xx_HAL_Driver/Src/stm32f4xx_hal_pwr.o
LOAD Drivers/STM32F4xx_HAL_Driver/Src/stm32f4xx_hal_pwr_ex.o
LOAD Drivers/STM32F4xx_HAL_Driver/Src/stm32f4xx_hal_rcc.o
LOAD Drivers/STM32F4xx_HAL_Driver/Src/stm32f4xx_hal_rcc_ex.o
LOAD Drivers/STM32F4xx_HAL_Driver/Src/stm32f4xx_hal_tim.o
LOAD Drivers/STM32F4xx_HAL_Driver/Src/stm32f4xx_hal_tim_ex.o
LOAD Drivers/STM32F4xx_HAL_Driver/Src/stm32f4xx_hal_uart.o
LOAD Middlewares/Third_Party/FreeRTOS/Source/CMSIS_RTOS/cmsis_os.o
LOAD Middlewares/Third_Party/FreeRTOS/Source/croutine.o
LOAD Middlewares/Third_Party/FreeRTOS/Source/event_groups.o
LOAD Middlewares/Third_Party/FreeRTOS/Source/list.o
LOAD Middlewares/Third_Party/FreeRTOS/Source/queue.o
LOAD Middlewares/Third_Party/FreeRTOS/Source/stream_buffer.o
LOAD Middlewares/Third_Party/FreeRTOS/Source/tasks.o
LOAD Middlewares/Third_Party/FreeRTOS/Source/timers.o
LOAD Middlewares/Third_Party/FreeRTOS/Source/portable/GCC/ARM_CM4F/port.o
LOAD Middlewares/Third_Party/FreeRTOS/Source/portable/MemMang/heap_4.o
START GROUP
LOAD c:/st/stm32cubeide_1.6.0/stm32cubeide/plugins/com.st.stm32cube.ide.mcu.externaltools.gnu-tools-for-stm32.9-2020-q2-update.win32_1.5.0.202011040924/tools/bin/../lib/gcc/arm-none-eabi/9.3.1/../../../../arm-none-eabi/lib/thumb/v7e-m+fp/hard\libc_nano.a
LOAD c:/st/stm32cubeide_1.6.0/stm32cubeide/plugins/com.st.stm32cube.ide.mcu.externaltools.gnu-tools-for-stm32.9-2020-q2-update.win32_1.5.0.202011040924/tools/bin/../lib/gcc/arm-none-eabi/9.3.1/../../../../arm-none-eabi/lib/thumb/v7e-m+fp/hard\libm.a
END GROUP
START GROUP
LOAD c:/st/stm32cubeide_1.6.0/stm32cubeide/plugins/com.st.stm32cube.ide.mcu.externaltools.gnu-tools-for-stm32.9-2020-q2-update.win32_1.5.0.202011040924/tools/bin/../lib/gcc/arm-none-eabi/9.3.1/thumb/v7e-m+fp/hard\libgcc.a
LOAD c:/st/stm32cubeide_1.6.0/stm32cubeide/plugins/com.st.stm32cube.ide.mcu.externaltools.gnu-tools-for-stm32.9-2020-q2-update.win32_1.5.0.202011040924/tools/bin/../lib/gcc/arm-none-eabi/9.3.1/../../../../arm-none-eabi/lib/thumb/v7e-m+fp/hard\libc_nano.a
END GROUP
START GROUP
LOAD c:/st/stm32cubeide_1.6.0/stm32cubeide/plugins/com.st.stm32cube.ide.mcu.externaltools.gnu-tools-for-stm32.9-2020-q2-update.win32_1.5.0.202011040924/tools/bin/../lib/gcc/arm-none-eabi/9.3.1/thumb/v7e-m+fp/hard\libgcc.a
LOAD c:/st/stm32cubeide_1.6.0/stm32cubeide/plugins/com.st.stm32cube.ide.mcu.externaltools.gnu-tools-for-stm32.9-2020-q2-update.win32_1.5.0.202011040924/tools/bin/../lib/gcc/arm-none-eabi/9.3.1/../../../../arm-none-eabi/lib/thumb/v7e-m+fp/hard\libc_nano.a
LOAD c:/st/stm32cubeide_1.6.0/stm32cubeide/plugins/com.st.stm32cube.ide.mcu.externaltools.gnu-tools-for-stm32.9-2020-q2-update.win32_1.5.0.202011040924/tools/bin/../lib/gcc/arm-none-eabi/9.3.1/../../../../arm-none-eabi/lib/thumb/v7e-m+fp/hard\libnosys.a
END GROUP
START GROUP
LOAD c:/st/stm32cubeide_1.6.0/stm32cubeide/plugins/com.st.stm32cube.ide.mcu.externaltools.gnu-tools-for-stm32.9-2020-q2-update.win32_1.5.0.202011040924/tools/bin/../lib/gcc/arm-none-eabi/9.3.1/thumb/v7e-m+fp/hard\libgcc.a
LOAD c:/st/stm32cubeide_1.6.0/stm32cubeide/plugins/com.st.stm32cube.ide.mcu.externaltools.gnu-tools-for-stm32.9-2020-q2-update.win32_1.5.0.202011040924/tools/bin/../lib/gcc/arm-none-eabi/9.3.1/../../../../arm-none-eabi/lib/thumb/v7e-m+fp/hard\libc_nano.a
LOAD c:/st/stm32cubeide_1.6.0/stm32cubeide/plugins/com.st.stm32cube.ide.mcu.externaltools.gnu-tools-for-stm32.9-2020-q2-update.win32_1.5.0.202011040924/tools/bin/../lib/gcc/arm-none-eabi/9.3.1/../../../../arm-none-eabi/lib/thumb/v7e-m+fp/hard\libnosys.a
END GROUP
LOAD c:/st/stm32cubeide_1.6.0/stm32cubeide/plugins/com.st.stm32cube.ide.mcu.externaltools.gnu-tools-for-stm32.9-2020-q2-update.win32_1.5.0.202011040924/tools/bin/../lib/gcc/arm-none-eabi/9.3.1/thumb/v7e-m+fp/hard/crtend.o
LOAD c:/st/stm32cubeide_1.6.0/stm32cubeide/plugins/com.st.stm32cube.ide.mcu.externaltools.gnu-tools-for-stm32.9-2020-q2-update.win32_1.5.0.202011040924/tools/bin/../lib/gcc/arm-none-eabi/9.3.1/thumb/v7e-m+fp/hard/crtn.o
                0x0000000020020000                _estack = (ORIGIN (RAM) + LENGTH (RAM))
                0x0000000000000200                _Min_Heap_Size = 0x200
                0x0000000000000400                _Min_Stack_Size = 0x400

.isr_vector     0x0000000008000000      0x188
                0x0000000008000000                . = ALIGN (0x4)
 *(.isr_vector)
 .isr_vector    0x0000000008000000      0x188 Core/Startup/startup_stm32f407vgtx.o
                0x0000000008000000                g_pfnVectors
                0x0000000008000188                . = ALIGN (0x4)

.text           0x0000000008000190     0x90bc
                0x0000000008000190                . = ALIGN (0x4)
 *(.text)
 .text          0x0000000008000190       0x40 c:/st/stm32cubeide_1.6.0/stm32cubeide/plugins/com.st.stm32cube.ide.mcu.externaltools.gnu-tools-for-stm32.9-2020-q2-update.win32_1.5.0.202011040924/tools/bin/../lib/gcc/arm-none-eabi/9.3.1/thumb/v7e-m+fp/hard/crtbegin.o
 .text          0x00000000080001d0      0x378 c:/st/stm32cubeide_1.6.0/stm32cubeide/plugins/com.st.stm32cube.ide.mcu.externaltools.gnu-tools-for-stm32.9-2020-q2-update.win32_1.5.0.202011040924/tools/bin/../lib/gcc/arm-none-eabi/9.3.1/thumb/v7e-m+fp/hard\libgcc.a(_arm_addsubdf3.o)
                0x00000000080001d0                __aeabi_drsub
                0x00000000080001d8                __aeabi_dsub
                0x00000000080001d8                __subdf3
                0x00000000080001dc                __aeabi_dadd
                0x00000000080001dc                __adddf3
                0x0000000008000454                __floatunsidf
                0x0000000008000454                __aeabi_ui2d
                0x0000000008000474                __floatsidf
                0x0000000008000474                __aeabi_i2d
                0x0000000008000498                __aeabi_f2d
                0x0000000008000498                __extendsfdf2
                0x00000000080004dc                __floatundidf
                0x00000000080004dc                __aeabi_ul2d
                0x00000000080004ec                __floatdidf
                0x00000000080004ec                __aeabi_l2d
 .text          0x0000000008000548      0x424 c:/st/stm32cubeide_1.6.0/stm32cubeide/plugins/com.st.stm32cube.ide.mcu.externaltools.gnu-tools-for-stm32.9-2020-q2-update.win32_1.5.0.202011040924/tools/bin/../lib/gcc/arm-none-eabi/9.3.1/thumb/v7e-m+fp/hard\libgcc.a(_arm_muldivdf3.o)
                0x0000000008000548                __aeabi_dmul
                0x0000000008000548                __muldf3
                0x000000000800079c                __divdf3
                0x000000000800079c                __aeabi_ddiv
 .text          0x000000000800096c      0x110 c:/st/stm32cubeide_1.6.0/stm32cubeide/plugins/com.st.stm32cube.ide.mcu.externaltools.gnu-tools-for-stm32.9-2020-q2-update.win32_1.5.0.202011040924/tools/bin/../lib/gcc/arm-none-eabi/9.3.1/thumb/v7e-m+fp/hard\libgcc.a(_arm_cmpdf2.o)
                0x000000000800096c                __gtdf2
                0x000000000800096c                __gedf2
                0x0000000008000974                __ltdf2
                0x0000000008000974                __ledf2
                0x000000000800097c                __nedf2
                0x000000000800097c                __eqdf2
                0x000000000800097c                __cmpdf2
                0x00000000080009f8                __aeabi_cdrcmple
                0x0000000008000a08                __aeabi_cdcmpeq
                0x0000000008000a08                __aeabi_cdcmple
                0x0000000008000a18                __aeabi_dcmpeq
                0x0000000008000a2c                __aeabi_dcmplt
                0x0000000008000a40                __aeabi_dcmple
                0x0000000008000a54                __aeabi_dcmpge
                0x0000000008000a68                __aeabi_dcmpgt
 .text          0x0000000008000a7c       0x2c c:/st/stm32cubeide_1.6.0/stm32cubeide/plugins/com.st.stm32cube.ide.mcu.externaltools.gnu-tools-for-stm32.9-2020-q2-update.win32_1.5.0.202011040924/tools/bin/../lib/gcc/arm-none-eabi/9.3.1/thumb/v7e-m+fp/hard\libgcc.a(_arm_unorddf2.o)
                0x0000000008000a7c                __unorddf2
                0x0000000008000a7c                __aeabi_dcmpun
 .text          0x0000000008000aa8       0x40 c:/st/stm32cubeide_1.6.0/stm32cubeide/plugins/com.st.stm32cube.ide.mcu.externaltools.gnu-tools-for-stm32.9-2020-q2-update.win32_1.5.0.202011040924/tools/bin/../lib/gcc/arm-none-eabi/9.3.1/thumb/v7e-m+fp/hard\libgcc.a(_arm_fixunsdfsi.o)
                0x0000000008000aa8                __aeabi_d2uiz
                0x0000000008000aa8                __fixunsdfsi
 .text          0x0000000008000ae8       0x30 c:/st/stm32cubeide_1.6.0/stm32cubeide/plugins/com.st.stm32cube.ide.mcu.externaltools.gnu-tools-for-stm32.9-2020-q2-update.win32_1.5.0.202011040924/tools/bin/../lib/gcc/arm-none-eabi/9.3.1/thumb/v7e-m+fp/hard\libgcc.a(_aeabi_uldivmod.o)
                0x0000000008000ae8                __aeabi_uldivmod
 .text          0x0000000008000b18      0x2c4 c:/st/stm32cubeide_1.6.0/stm32cubeide/plugins/com.st.stm32cube.ide.mcu.externaltools.gnu-tools-for-stm32.9-2020-q2-update.win32_1.5.0.202011040924/tools/bin/../lib/gcc/arm-none-eabi/9.3.1/thumb/v7e-m+fp/hard\libgcc.a(_udivmoddi4.o)
                0x0000000008000b18                __udivmoddi4
 .text          0x0000000008000ddc        0x4 c:/st/stm32cubeide_1.6.0/stm32cubeide/plugins/com.st.stm32cube.ide.mcu.externaltools.gnu-tools-for-stm32.9-2020-q2-update.win32_1.5.0.202011040924/tools/bin/../lib/gcc/arm-none-eabi/9.3.1/thumb/v7e-m+fp/hard\libgcc.a(_dvmd_tls.o)
                0x0000000008000ddc                __aeabi_idiv0
                0x0000000008000ddc                __aeabi_ldiv0
 *(.text*)
 .text.delay_init
                0x0000000008000de0       0x50 Core/Src/Delay.o
                0x0000000008000de0                delay_init
 .text.delay_ms
                0x0000000008000e30       0x68 Core/Src/Delay.o
                0x0000000008000e30                delay_ms
 .text.Read_ads1115
                0x0000000008000e98      0x12c Core/Src/ads1115.o
                0x0000000008000e98                Read_ads1115
 .text.Convert2Modbus
                0x0000000008000fc4       0x48 Core/Src/ads1115.o
                0x0000000008000fc4                Convert2Modbus
 .text.vApplicationGetIdleTaskMemory
                0x000000000800100c       0x34 Core/Src/freertos.o
                0x000000000800100c                vApplicationGetIdleTaskMemory
 .text.main     0x0000000008001040      0x230 Core/Src/main.o
                0x0000000008001040                main
 .text.SystemClock_Config
                0x0000000008001270       0xd4 Core/Src/main.o
                0x0000000008001270                SystemClock_Config
 .text.MX_I2C1_Init
                0x0000000008001344       0x5c Core/Src/main.o
 .text.MX_USART6_UART_Init
                0x00000000080013a0       0x54 Core/Src/main.o
 .text.MX_DMA_Init
                0x00000000080013f4       0x40 Core/Src/main.o
 .text.MX_GPIO_Init
                0x0000000008001434       0x94 Core/Src/main.o
 .text.USER_UART_IRQHandler
                0x00000000080014c8       0x4c Core/Src/main.o
                0x00000000080014c8                USER_UART_IRQHandler
 .text.USAR_UART_IDLECallback
                0x0000000008001514       0x90 Core/Src/main.o
                0x0000000008001514                USAR_UART_IDLECallback
 .text.ModbusTransThread
                0x00000000080015a4       0x94 Core/Src/main.o
                0x00000000080015a4                ModbusTransThread
 .text.ModbusSetThread
                0x0000000008001638       0xf0 Core/Src/main.o
                0x0000000008001638                ModbusSetThread
 .text.ADS1115Thread
                0x0000000008001728       0x94 Core/Src/main.o
                0x0000000008001728                ADS1115Thread
 .text.HAL_TIM_PeriodElapsedCallback
                0x00000000080017bc       0x24 Core/Src/main.o
                0x00000000080017bc                HAL_TIM_PeriodElapsedCallback
 .text.Error_Handler
                0x00000000080017e0        0xe Core/Src/main.o
                0x00000000080017e0                Error_Handler
 *fill*         0x00000000080017ee        0x2 
 .text.ModBusTask
                0x00000000080017f0       0x70 Core/Src/modbus.o
                0x00000000080017f0                ModBusTask
 .text.ModBus_Init
                0x0000000008001860       0xc0 Core/Src/modbus.o
                0x0000000008001860                ModBus_Init
 .text.ModBus_SetAddress
                0x0000000008001920       0x20 Core/Src/modbus.o
                0x0000000008001920                ModBus_SetAddress
 .text.ModBusParse
                0x0000000008001940      0x354 Core/Src/modbus.o
                0x0000000008001940                ModBusParse
 .text.ModBus_SetRegister
                0x0000000008001c94       0x30 Core/Src/modbus.o
                0x0000000008001c94                ModBus_SetRegister
 .text.CRC16_OUT
                0x0000000008001cc4       0xc4 Core/Src/modbus.o
                0x0000000008001cc4                CRC16_OUT
 .text.CRC16_IN
                0x0000000008001d88       0xc0 Core/Src/modbus.o
                0x0000000008001d88                CRC16_IN
 .text.HAL_MspInit
                0x0000000008001e48       0x58 Core/Src/stm32f4xx_hal_msp.o
                0x0000000008001e48                HAL_MspInit
 .text.HAL_I2C_MspInit
                0x0000000008001ea0       0x90 Core/Src/stm32f4xx_hal_msp.o
                0x0000000008001ea0                HAL_I2C_MspInit
 .text.HAL_UART_MspInit
                0x0000000008001f30      0x104 Core/Src/stm32f4xx_hal_msp.o
                0x0000000008001f30                HAL_UART_MspInit
 .text.HAL_InitTick
                0x0000000008002034       0xb4 Core/Src/stm32f4xx_hal_timebase_tim.o
                0x0000000008002034                HAL_InitTick
 .text.NMI_Handler
                0x00000000080020e8        0xe Core/Src/stm32f4xx_it.o
                0x00000000080020e8                NMI_Handler
 .text.HardFault_Handler
                0x00000000080020f6        0x6 Core/Src/stm32f4xx_it.o
                0x00000000080020f6                HardFault_Handler
 .text.MemManage_Handler
                0x00000000080020fc        0x6 Core/Src/stm32f4xx_it.o
                0x00000000080020fc                MemManage_Handler
 .text.BusFault_Handler
                0x0000000008002102        0x6 Core/Src/stm32f4xx_it.o
                0x0000000008002102                BusFault_Handler
 .text.UsageFault_Handler
                0x0000000008002108        0x6 Core/Src/stm32f4xx_it.o
                0x0000000008002108                UsageFault_Handler
 .text.DebugMon_Handler
                0x000000000800210e        0xe Core/Src/stm32f4xx_it.o
                0x000000000800210e                DebugMon_Handler
 .text.TIM3_IRQHandler
                0x000000000800211c       0x14 Core/Src/stm32f4xx_it.o
                0x000000000800211c                TIM3_IRQHandler
 .text.DMA2_Stream1_IRQHandler
                0x0000000008002130       0x14 Core/Src/stm32f4xx_it.o
                0x0000000008002130                DMA2_Stream1_IRQHandler
 .text.USART6_IRQHandler
                0x0000000008002144       0x18 Core/Src/stm32f4xx_it.o
                0x0000000008002144                USART6_IRQHandler
 .text.SystemInit
                0x000000000800215c       0x2c Core/Src/system_stm32f4xx.o
                0x000000000800215c                SystemInit
 .text.Reset_Handler
                0x0000000008002188       0x50 Core/Startup/startup_stm32f407vgtx.o
                0x0000000008002188                Reset_Handler
 .text.Default_Handler
                0x00000000080021d8        0x2 Core/Startup/startup_stm32f407vgtx.o
                0x00000000080021d8                RTC_Alarm_IRQHandler
                0x00000000080021d8                HASH_RNG_IRQHandler
                0x00000000080021d8                EXTI2_IRQHandler
                0x00000000080021d8                TIM8_CC_IRQHandler
                0x00000000080021d8                TIM1_CC_IRQHandler
                0x00000000080021d8                DMA2_Stream5_IRQHandler
                0x00000000080021d8                DMA1_Stream5_IRQHandler
                0x00000000080021d8                PVD_IRQHandler
                0x00000000080021d8                SDIO_IRQHandler
                0x00000000080021d8                TAMP_STAMP_IRQHandler
                0x00000000080021d8                CAN2_RX1_IRQHandler
                0x00000000080021d8                EXTI3_IRQHandler
                0x00000000080021d8                TIM8_TRG_COM_TIM14_IRQHandler
                0x00000000080021d8                TIM1_UP_TIM10_IRQHandler
                0x00000000080021d8                TIM8_UP_TIM13_IRQHandler
                0x00000000080021d8                I2C3_ER_IRQHandler
                0x00000000080021d8                EXTI0_IRQHandler
                0x00000000080021d8                I2C2_EV_IRQHandler
                0x00000000080021d8                DMA1_Stream2_IRQHandler
                0x00000000080021d8                CAN1_RX0_IRQHandler
                0x00000000080021d8                FPU_IRQHandler
                0x00000000080021d8                OTG_HS_WKUP_IRQHandler
                0x00000000080021d8                CAN2_SCE_IRQHandler
                0x00000000080021d8                DMA2_Stream2_IRQHandler
                0x00000000080021d8                SPI1_IRQHandler
                0x00000000080021d8                TIM6_DAC_IRQHandler
                0x00000000080021d8                TIM1_BRK_TIM9_IRQHandler
                0x00000000080021d8                DCMI_IRQHandler
                0x00000000080021d8                CAN2_RX0_IRQHandler
                0x00000000080021d8                DMA2_Stream3_IRQHandler
                0x00000000080021d8                USART3_IRQHandler
                0x00000000080021d8                CAN1_RX1_IRQHandler
                0x00000000080021d8                UART5_IRQHandler
                0x00000000080021d8                DMA2_Stream0_IRQHandler
                0x00000000080021d8                TIM4_IRQHandler
                0x00000000080021d8                I2C1_EV_IRQHandler
                0x00000000080021d8                DMA1_Stream6_IRQHandler
                0x00000000080021d8                DMA1_Stream1_IRQHandler
                0x00000000080021d8                UART4_IRQHandler
                0x00000000080021d8                RCC_IRQHandler
                0x00000000080021d8                TIM8_BRK_TIM12_IRQHandler
                0x00000000080021d8                Default_Handler
                0x00000000080021d8                EXTI15_10_IRQHandler
                0x00000000080021d8                ADC_IRQHandler
                0x00000000080021d8                DMA1_Stream7_IRQHandler
                0x00000000080021d8                TIM7_IRQHandler
                0x00000000080021d8                CAN2_TX_IRQHandler
                0x00000000080021d8                TIM5_IRQHandler
                0x00000000080021d8                DMA2_Stream7_IRQHandler
                0x00000000080021d8                I2C3_EV_IRQHandler
                0x00000000080021d8                EXTI9_5_IRQHandler
                0x00000000080021d8                RTC_WKUP_IRQHandler
                0x00000000080021d8                ETH_WKUP_IRQHandler
                0x00000000080021d8                SPI2_IRQHandler
                0x00000000080021d8                OTG_HS_EP1_IN_IRQHandler
                0x00000000080021d8                DMA1_Stream0_IRQHandler
                0x00000000080021d8                CAN1_TX_IRQHandler
                0x00000000080021d8                EXTI4_IRQHandler
                0x00000000080021d8                FSMC_IRQHandler
                0x00000000080021d8                ETH_IRQHandler
                0x00000000080021d8                OTG_HS_EP1_OUT_IRQHandler
                0x00000000080021d8                WWDG_IRQHandler
                0x00000000080021d8                TIM2_IRQHandler
                0x00000000080021d8                OTG_FS_WKUP_IRQHandler
                0x00000000080021d8                TIM1_TRG_COM_TIM11_IRQHandler
                0x00000000080021d8                OTG_HS_IRQHandler
                0x00000000080021d8                EXTI1_IRQHandler
                0x00000000080021d8                USART2_IRQHandler
                0x00000000080021d8                I2C2_ER_IRQHandler
                0x00000000080021d8                CAN1_SCE_IRQHandler
                0x00000000080021d8                FLASH_IRQHandler
                0x00000000080021d8                DMA2_Stream4_IRQHandler
                0x00000000080021d8                USART1_IRQHandler
                0x00000000080021d8                OTG_FS_IRQHandler
                0x00000000080021d8                SPI3_IRQHandler
                0x00000000080021d8                DMA1_Stream4_IRQHandler
                0x00000000080021d8                I2C1_ER_IRQHandler
                0x00000000080021d8                DMA2_Stream6_IRQHandler
                0x00000000080021d8                DMA1_Stream3_IRQHandler
 *fill*         0x00000000080021da        0x2 
 .text.HAL_Init
                0x00000000080021dc       0x44 Drivers/STM32F4xx_HAL_Driver/Src/stm32f4xx_hal.o
                0x00000000080021dc                HAL_Init
 .text.HAL_IncTick
                0x0000000008002220       0x28 Drivers/STM32F4xx_HAL_Driver/Src/stm32f4xx_hal.o
                0x0000000008002220                HAL_IncTick
 .text.HAL_GetTick
                0x0000000008002248       0x18 Drivers/STM32F4xx_HAL_Driver/Src/stm32f4xx_hal.o
                0x0000000008002248                HAL_GetTick
 .text.HAL_Delay
                0x0000000008002260       0x48 Drivers/STM32F4xx_HAL_Driver/Src/stm32f4xx_hal.o
                0x0000000008002260                HAL_Delay
 .text.__NVIC_SetPriorityGrouping
                0x00000000080022a8       0x48 Drivers/STM32F4xx_HAL_Driver/Src/stm32f4xx_hal_cortex.o
 .text.__NVIC_GetPriorityGrouping
                0x00000000080022f0       0x1c Drivers/STM32F4xx_HAL_Driver/Src/stm32f4xx_hal_cortex.o
 .text.__NVIC_EnableIRQ
                0x000000000800230c       0x3c Drivers/STM32F4xx_HAL_Driver/Src/stm32f4xx_hal_cortex.o
 .text.__NVIC_SetPriority
                0x0000000008002348       0x54 Drivers/STM32F4xx_HAL_Driver/Src/stm32f4xx_hal_cortex.o
 .text.NVIC_EncodePriority
                0x000000000800239c       0x66 Drivers/STM32F4xx_HAL_Driver/Src/stm32f4xx_hal_cortex.o
 .text.HAL_NVIC_SetPriorityGrouping
                0x0000000008002402       0x16 Drivers/STM32F4xx_HAL_Driver/Src/stm32f4xx_hal_cortex.o
                0x0000000008002402                HAL_NVIC_SetPriorityGrouping
 .text.HAL_NVIC_SetPriority
                0x0000000008002418       0x38 Drivers/STM32F4xx_HAL_Driver/Src/stm32f4xx_hal_cortex.o
                0x0000000008002418                HAL_NVIC_SetPriority
 .text.HAL_NVIC_EnableIRQ
                0x0000000008002450       0x1c Drivers/STM32F4xx_HAL_Driver/Src/stm32f4xx_hal_cortex.o
                0x0000000008002450                HAL_NVIC_EnableIRQ
 .text.HAL_DMA_Init
                0x000000000800246c      0x15c Drivers/STM32F4xx_HAL_Driver/Src/stm32f4xx_hal_dma.o
                0x000000000800246c                HAL_DMA_Init
 .text.HAL_DMA_Start_IT
                0x00000000080025c8       0xb0 Drivers/STM32F4xx_HAL_Driver/Src/stm32f4xx_hal_dma.o
                0x00000000080025c8                HAL_DMA_Start_IT
 .text.HAL_DMA_Abort
                0x0000000008002678       0xe0 Drivers/STM32F4xx_HAL_Driver/Src/stm32f4xx_hal_dma.o
                0x0000000008002678                HAL_DMA_Abort
 .text.HAL_DMA_Abort_IT
                0x0000000008002758       0x44 Drivers/STM32F4xx_HAL_Driver/Src/stm32f4xx_hal_dma.o
                0x0000000008002758                HAL_DMA_Abort_IT
 .text.HAL_DMA_IRQHandler
                0x000000000800279c      0x314 Drivers/STM32F4xx_HAL_Driver/Src/stm32f4xx_hal_dma.o
                0x000000000800279c                HAL_DMA_IRQHandler
 .text.DMA_SetConfig
                0x0000000008002ab0       0x5c Drivers/STM32F4xx_HAL_Driver/Src/stm32f4xx_hal_dma.o
 .text.DMA_CalcBaseAndBitshift
                0x0000000008002b0c       0x6c Drivers/STM32F4xx_HAL_Driver/Src/stm32f4xx_hal_dma.o
 .text.DMA_CheckFifoParam
                0x0000000008002b78       0xf8 Drivers/STM32F4xx_HAL_Driver/Src/stm32f4xx_hal_dma.o
 .text.HAL_GPIO_Init
                0x0000000008002c70      0x338 Drivers/STM32F4xx_HAL_Driver/Src/stm32f4xx_hal_gpio.o
                0x0000000008002c70                HAL_GPIO_Init
 .text.HAL_GPIO_ReadPin
                0x0000000008002fa8       0x30 Drivers/STM32F4xx_HAL_Driver/Src/stm32f4xx_hal_gpio.o
                0x0000000008002fa8                HAL_GPIO_ReadPin
 .text.HAL_I2C_Init
                0x0000000008002fd8      0x288 Drivers/STM32F4xx_HAL_Driver/Src/stm32f4xx_hal_i2c.o
                0x0000000008002fd8                HAL_I2C_Init
 .text.HAL_I2C_Master_Transmit
                0x0000000008003260      0x1fc Drivers/STM32F4xx_HAL_Driver/Src/stm32f4xx_hal_i2c.o
                0x0000000008003260                HAL_I2C_Master_Transmit
 .text.HAL_I2C_Master_Receive
                0x000000000800345c      0x44c Drivers/STM32F4xx_HAL_Driver/Src/stm32f4xx_hal_i2c.o
                0x000000000800345c                HAL_I2C_Master_Receive
 .text.I2C_MasterRequestWrite
                0x00000000080038a8      0x104 Drivers/STM32F4xx_HAL_Driver/Src/stm32f4xx_hal_i2c.o
 .text.I2C_MasterRequestRead
                0x00000000080039ac      0x198 Drivers/STM32F4xx_HAL_Driver/Src/stm32f4xx_hal_i2c.o
 .text.I2C_WaitOnFlagUntilTimeout
                0x0000000008003b44       0xae Drivers/STM32F4xx_HAL_Driver/Src/stm32f4xx_hal_i2c.o
 .text.I2C_WaitOnMasterAddressFlagUntilTimeout
                0x0000000008003bf2       0xfe Drivers/STM32F4xx_HAL_Driver/Src/stm32f4xx_hal_i2c.o
 .text.I2C_WaitOnTXEFlagUntilTimeout
                0x0000000008003cf0       0x82 Drivers/STM32F4xx_HAL_Driver/Src/stm32f4xx_hal_i2c.o
 .text.I2C_WaitOnBTFFlagUntilTimeout
                0x0000000008003d72       0x82 Drivers/STM32F4xx_HAL_Driver/Src/stm32f4xx_hal_i2c.o
 .text.I2C_WaitOnRXNEFlagUntilTimeout
                0x0000000008003df4       0xac Drivers/STM32F4xx_HAL_Driver/Src/stm32f4xx_hal_i2c.o
 .text.I2C_IsAcknowledgeFailed
                0x0000000008003ea0       0x5e Drivers/STM32F4xx_HAL_Driver/Src/stm32f4xx_hal_i2c.o
 *fill*         0x0000000008003efe        0x2 
 .text.HAL_RCC_OscConfig
                0x0000000008003f00      0x4e0 Drivers/STM32F4xx_HAL_Driver/Src/stm32f4xx_hal_rcc.o
                0x0000000008003f00                HAL_RCC_OscConfig
 .text.HAL_RCC_ClockConfig
                0x00000000080043e0      0x1cc Drivers/STM32F4xx_HAL_Driver/Src/stm32f4xx_hal_rcc.o
                0x00000000080043e0                HAL_RCC_ClockConfig
 .text.HAL_RCC_GetSysClockFreq
                0x00000000080045ac      0x16c Drivers/STM32F4xx_HAL_Driver/Src/stm32f4xx_hal_rcc.o
                0x00000000080045ac                HAL_RCC_GetSysClockFreq
 .text.HAL_RCC_GetHCLKFreq
                0x0000000008004718       0x18 Drivers/STM32F4xx_HAL_Driver/Src/stm32f4xx_hal_rcc.o
                0x0000000008004718                HAL_RCC_GetHCLKFreq
 .text.HAL_RCC_GetPCLK1Freq
                0x0000000008004730       0x28 Drivers/STM32F4xx_HAL_Driver/Src/stm32f4xx_hal_rcc.o
                0x0000000008004730                HAL_RCC_GetPCLK1Freq
 .text.HAL_RCC_GetPCLK2Freq
                0x0000000008004758       0x28 Drivers/STM32F4xx_HAL_Driver/Src/stm32f4xx_hal_rcc.o
                0x0000000008004758                HAL_RCC_GetPCLK2Freq
 .text.HAL_RCC_GetClockConfig
                0x0000000008004780       0x64 Drivers/STM32F4xx_HAL_Driver/Src/stm32f4xx_hal_rcc.o
                0x0000000008004780                HAL_RCC_GetClockConfig
 .text.HAL_TIM_Base_Init
                0x00000000080047e4       0x56 Drivers/STM32F4xx_HAL_Driver/Src/stm32f4xx_hal_tim.o
                0x00000000080047e4                HAL_TIM_Base_Init
 .text.HAL_TIM_Base_MspInit
                0x000000000800483a       0x14 Drivers/STM32F4xx_HAL_Driver/Src/stm32f4xx_hal_tim.o
                0x000000000800483a                HAL_TIM_Base_MspInit
 .text.HAL_TIM_Base_Start_IT
                0x000000000800484e       0x48 Drivers/STM32F4xx_HAL_Driver/Src/stm32f4xx_hal_tim.o
                0x000000000800484e                HAL_TIM_Base_Start_IT
 .text.HAL_TIM_IRQHandler
                0x0000000008004896      0x210 Drivers/STM32F4xx_HAL_Driver/Src/stm32f4xx_hal_tim.o
                0x0000000008004896                HAL_TIM_IRQHandler
 .text.HAL_TIM_OC_DelayElapsedCallback
                0x0000000008004aa6       0x14 Drivers/STM32F4xx_HAL_Driver/Src/stm32f4xx_hal_tim.o
                0x0000000008004aa6                HAL_TIM_OC_DelayElapsedCallback
 .text.HAL_TIM_IC_CaptureCallback
                0x0000000008004aba       0x14 Drivers/STM32F4xx_HAL_Driver/Src/stm32f4xx_hal_tim.o
                0x0000000008004aba                HAL_TIM_IC_CaptureCallback
 .text.HAL_TIM_PWM_PulseFinishedCallback
                0x0000000008004ace       0x14 Drivers/STM32F4xx_HAL_Driver/Src/stm32f4xx_hal_tim.o
                0x0000000008004ace                HAL_TIM_PWM_PulseFinishedCallback
 .text.HAL_TIM_TriggerCallback
                0x0000000008004ae2       0x14 Drivers/STM32F4xx_HAL_Driver/Src/stm32f4xx_hal_tim.o
                0x0000000008004ae2                HAL_TIM_TriggerCallback
 *fill*         0x0000000008004af6        0x2 
 .text.TIM_Base_SetConfig
                0x0000000008004af8      0x140 Drivers/STM32F4xx_HAL_Driver/Src/stm32f4xx_hal_tim.o
                0x0000000008004af8                TIM_Base_SetConfig
 .text.HAL_TIMEx_CommutCallback
                0x0000000008004c38       0x14 Drivers/STM32F4xx_HAL_Driver/Src/stm32f4xx_hal_tim_ex.o
                0x0000000008004c38                HAL_TIMEx_CommutCallback
 .text.HAL_TIMEx_BreakCallback
                0x0000000008004c4c       0x14 Drivers/STM32F4xx_HAL_Driver/Src/stm32f4xx_hal_tim_ex.o
                0x0000000008004c4c                HAL_TIMEx_BreakCallback
 .text.HAL_UART_Init
                0x0000000008004c60       0x9a Drivers/STM32F4xx_HAL_Driver/Src/stm32f4xx_hal_uart.o
                0x0000000008004c60                HAL_UART_Init
 .text.HAL_UART_Transmit
                0x0000000008004cfa      0x132 Drivers/STM32F4xx_HAL_Driver/Src/stm32f4xx_hal_uart.o
                0x0000000008004cfa                HAL_UART_Transmit
 .text.HAL_UART_Receive_DMA
                0x0000000008004e2c      0x100 Drivers/STM32F4xx_HAL_Driver/Src/stm32f4xx_hal_uart.o
                0x0000000008004e2c                HAL_UART_Receive_DMA
 .text.HAL_UART_DMAStop
                0x0000000008004f2c       0xb6 Drivers/STM32F4xx_HAL_Driver/Src/stm32f4xx_hal_uart.o
                0x0000000008004f2c                HAL_UART_DMAStop
 *fill*         0x0000000008004fe2        0x2 
 .text.HAL_UART_IRQHandler
                0x0000000008004fe4      0x200 Drivers/STM32F4xx_HAL_Driver/Src/stm32f4xx_hal_uart.o
                0x0000000008004fe4                HAL_UART_IRQHandler
 .text.HAL_UART_TxCpltCallback
                0x00000000080051e4       0x14 Drivers/STM32F4xx_HAL_Driver/Src/stm32f4xx_hal_uart.o
                0x00000000080051e4                HAL_UART_TxCpltCallback
 .text.HAL_UART_RxCpltCallback
                0x00000000080051f8       0x14 Drivers/STM32F4xx_HAL_Driver/Src/stm32f4xx_hal_uart.o
                0x00000000080051f8                HAL_UART_RxCpltCallback
 .text.HAL_UART_RxHalfCpltCallback
                0x000000000800520c       0x14 Drivers/STM32F4xx_HAL_Driver/Src/stm32f4xx_hal_uart.o
                0x000000000800520c                HAL_UART_RxHalfCpltCallback
 .text.HAL_UART_ErrorCallback
                0x0000000008005220       0x14 Drivers/STM32F4xx_HAL_Driver/Src/stm32f4xx_hal_uart.o
                0x0000000008005220                HAL_UART_ErrorCallback
 .text.UART_DMAReceiveCplt
                0x0000000008005234       0x68 Drivers/STM32F4xx_HAL_Driver/Src/stm32f4xx_hal_uart.o
 .text.UART_DMARxHalfCplt
                0x000000000800529c       0x1c Drivers/STM32F4xx_HAL_Driver/Src/stm32f4xx_hal_uart.o
 .text.UART_DMAError
                0x00000000080052b8       0x94 Drivers/STM32F4xx_HAL_Driver/Src/stm32f4xx_hal_uart.o
 .text.UART_WaitOnFlagUntilTimeout
                0x000000000800534c       0x94 Drivers/STM32F4xx_HAL_Driver/Src/stm32f4xx_hal_uart.o
 .text.UART_EndTxTransfer
                0x00000000080053e0       0x2c Drivers/STM32F4xx_HAL_Driver/Src/stm32f4xx_hal_uart.o
 .text.UART_EndRxTransfer
                0x000000000800540c       0x3c Drivers/STM32F4xx_HAL_Driver/Src/stm32f4xx_hal_uart.o
 .text.UART_DMAAbortOnError
                0x0000000008005448       0x28 Drivers/STM32F4xx_HAL_Driver/Src/stm32f4xx_hal_uart.o
 .text.UART_Transmit_IT
                0x0000000008005470       0xac Drivers/STM32F4xx_HAL_Driver/Src/stm32f4xx_hal_uart.o
 .text.UART_EndTransmit_IT
                0x000000000800551c       0x30 Drivers/STM32F4xx_HAL_Driver/Src/stm32f4xx_hal_uart.o
 .text.UART_Receive_IT
                0x000000000800554c      0x102 Drivers/STM32F4xx_HAL_Driver/Src/stm32f4xx_hal_uart.o
 *fill*         0x000000000800564e        0x2 
 .text.UART_SetConfig
                0x0000000008005650      0x738 Drivers/STM32F4xx_HAL_Driver/Src/stm32f4xx_hal_uart.o
 .text.makeFreeRtosPriority
                0x0000000008005d88       0x30 Middlewares/Third_Party/FreeRTOS/Source/CMSIS_RTOS/cmsis_os.o
 .text.inHandlerMode
                0x0000000008005db8       0x24 Middlewares/Third_Party/FreeRTOS/Source/CMSIS_RTOS/cmsis_os.o
 .text.osKernelStart
                0x0000000008005ddc        0xe Middlewares/Third_Party/FreeRTOS/Source/CMSIS_RTOS/cmsis_os.o
                0x0000000008005ddc                osKernelStart
 .text.osThreadCreate
                0x0000000008005dea       0x98 Middlewares/Third_Party/FreeRTOS/Source/CMSIS_RTOS/cmsis_os.o
                0x0000000008005dea                osThreadCreate
 .text.osDelay  0x0000000008005e82       0x28 Middlewares/Third_Party/FreeRTOS/Source/CMSIS_RTOS/cmsis_os.o
                0x0000000008005e82                osDelay
 .text.osMessageCreate
                0x0000000008005eaa       0x50 Middlewares/Third_Party/FreeRTOS/Source/CMSIS_RTOS/cmsis_os.o
                0x0000000008005eaa                osMessageCreate
 *fill*         0x0000000008005efa        0x2 
 .text.osMessagePut
                0x0000000008005efc       0x80 Middlewares/Third_Party/FreeRTOS/Source/CMSIS_RTOS/cmsis_os.o
                0x0000000008005efc                osMessagePut
 .text.osMessageGet
                0x0000000008005f7c       0xe8 Middlewares/Third_Party/FreeRTOS/Source/CMSIS_RTOS/cmsis_os.o
                0x0000000008005f7c                osMessageGet
 .text.vListInitialise
                0x0000000008006064       0x40 Middlewares/Third_Party/FreeRTOS/Source/list.o
                0x0000000008006064                vListInitialise
 .text.vListInitialiseItem
                0x00000000080060a4       0x1a Middlewares/Third_Party/FreeRTOS/Source/list.o
                0x00000000080060a4                vListInitialiseItem
 .text.vListInsertEnd
                0x00000000080060be       0x48 Middlewares/Third_Party/FreeRTOS/Source/list.o
                0x00000000080060be                vListInsertEnd
 .text.vListInsert
                0x0000000008006106       0x72 Middlewares/Third_Party/FreeRTOS/Source/list.o
                0x0000000008006106                vListInsert
 .text.uxListRemove
                0x0000000008006178       0x54 Middlewares/Third_Party/FreeRTOS/Source/list.o
                0x0000000008006178                uxListRemove
 .text.xQueueGenericReset
                0x00000000080061cc       0xd0 Middlewares/Third_Party/FreeRTOS/Source/queue.o
                0x00000000080061cc                xQueueGenericReset
 .text.xQueueGenericCreateStatic
                0x000000000800629c       0xf0 Middlewares/Third_Party/FreeRTOS/Source/queue.o
                0x000000000800629c                xQueueGenericCreateStatic
 .text.xQueueGenericCreate
                0x000000000800638c       0x80 Middlewares/Third_Party/FreeRTOS/Source/queue.o
                0x000000000800638c                xQueueGenericCreate
 .text.prvInitialiseNewQueue
                0x000000000800640c       0x3e Middlewares/Third_Party/FreeRTOS/Source/queue.o
 *fill*         0x000000000800644a        0x2 
 .text.xQueueGenericSend
                0x000000000800644c      0x1fc Middlewares/Third_Party/FreeRTOS/Source/queue.o
                0x000000000800644c                xQueueGenericSend
 .text.xQueueGenericSendFromISR
                0x0000000008006648      0x130 Middlewares/Third_Party/FreeRTOS/Source/queue.o
                0x0000000008006648                xQueueGenericSendFromISR
 .text.xQueueReceive
                0x0000000008006778      0x1c0 Middlewares/Third_Party/FreeRTOS/Source/queue.o
                0x0000000008006778                xQueueReceive
 .text.xQueueReceiveFromISR
                0x0000000008006938      0x100 Middlewares/Third_Party/FreeRTOS/Source/queue.o
                0x0000000008006938                xQueueReceiveFromISR
 .text.prvCopyDataToQueue
                0x0000000008006a38       0xd4 Middlewares/Third_Party/FreeRTOS/Source/queue.o
 .text.prvCopyDataFromQueue
                0x0000000008006b0c       0x4c Middlewares/Third_Party/FreeRTOS/Source/queue.o
 .text.prvUnlockQueue
                0x0000000008006b58       0xa4 Middlewares/Third_Party/FreeRTOS/Source/queue.o
 .text.prvIsQueueEmpty
                0x0000000008006bfc       0x2c Middlewares/Third_Party/FreeRTOS/Source/queue.o
 .text.prvIsQueueFull
                0x0000000008006c28       0x30 Middlewares/Third_Party/FreeRTOS/Source/queue.o
 .text.xTaskCreateStatic
                0x0000000008006c58       0xba Middlewares/Third_Party/FreeRTOS/Source/tasks.o
                0x0000000008006c58                xTaskCreateStatic
 .text.xTaskCreate
                0x0000000008006d12       0x8a Middlewares/Third_Party/FreeRTOS/Source/tasks.o
                0x0000000008006d12                xTaskCreate
 .text.prvInitialiseNewTask
                0x0000000008006d9c      0x10e Middlewares/Third_Party/FreeRTOS/Source/tasks.o
 *fill*         0x0000000008006eaa        0x2 
 .text.prvAddNewTaskToReadyList
                0x0000000008006eac       0xd4 Middlewares/Third_Party/FreeRTOS/Source/tasks.o
 .text.vTaskDelay
                0x0000000008006f80       0x68 Middlewares/Third_Party/FreeRTOS/Source/tasks.o
                0x0000000008006f80                vTaskDelay
 .text.vTaskStartScheduler
                0x0000000008006fe8       0xc0 Middlewares/Third_Party/FreeRTOS/Source/tasks.o
                0x0000000008006fe8                vTaskStartScheduler
 .text.vTaskSuspendAll
                0x00000000080070a8       0x1c Middlewares/Third_Party/FreeRTOS/Source/tasks.o
                0x00000000080070a8                vTaskSuspendAll
 .text.xTaskResumeAll
                0x00000000080070c4      0x138 Middlewares/Third_Party/FreeRTOS/Source/tasks.o
                0x00000000080070c4                xTaskResumeAll
 .text.xTaskIncrementTick
                0x00000000080071fc      0x170 Middlewares/Third_Party/FreeRTOS/Source/tasks.o
                0x00000000080071fc                xTaskIncrementTick
 .text.vTaskSwitchContext
                0x000000000800736c       0xb8 Middlewares/Third_Party/FreeRTOS/Source/tasks.o
                0x000000000800736c                vTaskSwitchContext
 .text.vTaskPlaceOnEventList
                0x0000000008007424       0x48 Middlewares/Third_Party/FreeRTOS/Source/tasks.o
                0x0000000008007424                vTaskPlaceOnEventList
 .text.xTaskRemoveFromEventList
                0x000000000800746c       0xc4 Middlewares/Third_Party/FreeRTOS/Source/tasks.o
                0x000000000800746c                xTaskRemoveFromEventList
 .text.vTaskInternalSetTimeOutState
                0x0000000008007530       0x2c Middlewares/Third_Party/FreeRTOS/Source/tasks.o
                0x0000000008007530                vTaskInternalSetTimeOutState
 .text.xTaskCheckForTimeOut
                0x000000000800755c       0xc4 Middlewares/Third_Party/FreeRTOS/Source/tasks.o
                0x000000000800755c                xTaskCheckForTimeOut
 .text.vTaskMissedYield
                0x0000000008007620       0x18 Middlewares/Third_Party/FreeRTOS/Source/tasks.o
                0x0000000008007620                vTaskMissedYield
 .text.prvIdleTask
                0x0000000008007638       0x30 Middlewares/Third_Party/FreeRTOS/Source/tasks.o
 .text.prvInitialiseTaskLists
                0x0000000008007668       0x80 Middlewares/Third_Party/FreeRTOS/Source/tasks.o
 .text.prvCheckTasksWaitingTermination
                0x00000000080076e8       0x5c Middlewares/Third_Party/FreeRTOS/Source/tasks.o
 .text.prvDeleteTCB
                0x0000000008007744       0x5e Middlewares/Third_Party/FreeRTOS/Source/tasks.o
 *fill*         0x00000000080077a2        0x2 
 .text.prvResetNextTaskUnblockTime
                0x00000000080077a4       0x40 Middlewares/Third_Party/FreeRTOS/Source/tasks.o
 .text.xTaskGetSchedulerState
                0x00000000080077e4       0x3c Middlewares/Third_Party/FreeRTOS/Source/tasks.o
                0x00000000080077e4                xTaskGetSchedulerState
 .text.xTaskPriorityDisinherit
                0x0000000008007820      0x10c Middlewares/Third_Party/FreeRTOS/Source/tasks.o
                0x0000000008007820                xTaskPriorityDisinherit
 .text.prvAddCurrentTaskToDelayedList
                0x000000000800792c       0xcc Middlewares/Third_Party/FreeRTOS/Source/tasks.o
 .text.pxPortInitialiseStack
                0x00000000080079f8       0x68 Middlewares/Third_Party/FreeRTOS/Source/portable/GCC/ARM_CM4F/port.o
                0x00000000080079f8                pxPortInitialiseStack
 .text.prvTaskExitError
                0x0000000008007a60       0x58 Middlewares/Third_Party/FreeRTOS/Source/portable/GCC/ARM_CM4F/port.o
 *fill*         0x0000000008007ab8        0x8 
 .text.SVC_Handler
                0x0000000008007ac0       0x28 Middlewares/Third_Party/FreeRTOS/Source/portable/GCC/ARM_CM4F/port.o
                0x0000000008007ac0                SVC_Handler
 .text.prvPortStartFirstTask
                0x0000000008007ae8       0x28 Middlewares/Third_Party/FreeRTOS/Source/portable/GCC/ARM_CM4F/port.o
 .text.xPortStartScheduler
                0x0000000008007b10      0x144 Middlewares/Third_Party/FreeRTOS/Source/portable/GCC/ARM_CM4F/port.o
                0x0000000008007b10                xPortStartScheduler
 .text.vPortEnterCritical
                0x0000000008007c54       0x60 Middlewares/Third_Party/FreeRTOS/Source/portable/GCC/ARM_CM4F/port.o
                0x0000000008007c54                vPortEnterCritical
 .text.vPortExitCritical
                0x0000000008007cb4       0x54 Middlewares/Third_Party/FreeRTOS/Source/portable/GCC/ARM_CM4F/port.o
                0x0000000008007cb4                vPortExitCritical
 *fill*         0x0000000008007d08        0x8 
 .text.PendSV_Handler
                0x0000000008007d10       0x68 Middlewares/Third_Party/FreeRTOS/Source/portable/GCC/ARM_CM4F/port.o
                0x0000000008007d10                PendSV_Handler
 .text.SysTick_Handler
                0x0000000008007d78       0x44 Middlewares/Third_Party/FreeRTOS/Source/portable/GCC/ARM_CM4F/port.o
                0x0000000008007d78                SysTick_Handler
 .text.vPortSetupTimerInterrupt
                0x0000000008007dbc       0x48 Middlewares/Third_Party/FreeRTOS/Source/portable/GCC/ARM_CM4F/port.o
                0x0000000008007dbc                vPortSetupTimerInterrupt
 .text.vPortEnableVFP
                0x0000000008007e04       0x14 Middlewares/Third_Party/FreeRTOS/Source/portable/GCC/ARM_CM4F/port.o
 .text.vPortValidateInterruptPriority
                0x0000000008007e18       0x80 Middlewares/Third_Party/FreeRTOS/Source/portable/GCC/ARM_CM4F/port.o
                0x0000000008007e18                vPortValidateInterruptPriority
 .text.pvPortMalloc
                0x0000000008007e98      0x188 Middlewares/Third_Party/FreeRTOS/Source/portable/MemMang/heap_4.o
                0x0000000008007e98                pvPortMalloc
 .text.vPortFree
                0x0000000008008020       0xb4 Middlewares/Third_Party/FreeRTOS/Source/portable/MemMang/heap_4.o
                0x0000000008008020                vPortFree
 .text.prvHeapInit
                0x00000000080080d4       0xc4 Middlewares/Third_Party/FreeRTOS/Source/portable/MemMang/heap_4.o
 .text.prvInsertBlockIntoFreeList
                0x0000000008008198       0xb4 Middlewares/Third_Party/FreeRTOS/Source/portable/MemMang/heap_4.o
 .text.__errno  0x000000000800824c        0xc c:/st/stm32cubeide_1.6.0/stm32cubeide/plugins/com.st.stm32cube.ide.mcu.externaltools.gnu-tools-for-stm32.9-2020-q2-update.win32_1.5.0.202011040924/tools/bin/../lib/gcc/arm-none-eabi/9.3.1/../../../../arm-none-eabi/lib/thumb/v7e-m+fp/hard\libc_nano.a(lib_a-errno.o)
                0x000000000800824c                __errno
 .text.__libc_init_array
                0x0000000008008258       0x48 c:/st/stm32cubeide_1.6.0/stm32cubeide/plugins/com.st.stm32cube.ide.mcu.externaltools.gnu-tools-for-stm32.9-2020-q2-update.win32_1.5.0.202011040924/tools/bin/../lib/gcc/arm-none-eabi/9.3.1/../../../../arm-none-eabi/lib/thumb/v7e-m+fp/hard\libc_nano.a(lib_a-init.o)
                0x0000000008008258                __libc_init_array
 .text.memcpy   0x00000000080082a0       0x1c c:/st/stm32cubeide_1.6.0/stm32cubeide/plugins/com.st.stm32cube.ide.mcu.externaltools.gnu-tools-for-stm32.9-2020-q2-update.win32_1.5.0.202011040924/tools/bin/../lib/gcc/arm-none-eabi/9.3.1/../../../../arm-none-eabi/lib/thumb/v7e-m+fp/hard\libc_nano.a(lib_a-memcpy-stub.o)
                0x00000000080082a0                memcpy
 .text.memset   0x00000000080082bc       0x10 c:/st/stm32cubeide_1.6.0/stm32cubeide/plugins/com.st.stm32cube.ide.mcu.externaltools.gnu-tools-for-stm32.9-2020-q2-update.win32_1.5.0.202011040924/tools/bin/../lib/gcc/arm-none-eabi/9.3.1/../../../../arm-none-eabi/lib/thumb/v7e-m+fp/hard\libc_nano.a(lib_a-memset.o)
                0x00000000080082bc                memset
 .text.pow      0x00000000080082cc      0x15c c:/st/stm32cubeide_1.6.0/stm32cubeide/plugins/com.st.stm32cube.ide.mcu.externaltools.gnu-tools-for-stm32.9-2020-q2-update.win32_1.5.0.202011040924/tools/bin/../lib/gcc/arm-none-eabi/9.3.1/../../../../arm-none-eabi/lib/thumb/v7e-m+fp/hard\libm.a(lib_a-w_pow.o)
                0x00000000080082cc                pow
 .text.__ieee754_pow
                0x0000000008008428      0xa44 c:/st/stm32cubeide_1.6.0/stm32cubeide/plugins/com.st.stm32cube.ide.mcu.externaltools.gnu-tools-for-stm32.9-2020-q2-update.win32_1.5.0.202011040924/tools/bin/../lib/gcc/arm-none-eabi/9.3.1/../../../../arm-none-eabi/lib/thumb/v7e-m+fp/hard\libm.a(lib_a-e_pow.o)
                0x0000000008008428                __ieee754_pow
 .text.__ieee754_sqrt
                0x0000000008008e6c      0x168 c:/st/stm32cubeide_1.6.0/stm32cubeide/plugins/com.st.stm32cube.ide.mcu.externaltools.gnu-tools-for-stm32.9-2020-q2-update.win32_1.5.0.202011040924/tools/bin/../lib/gcc/arm-none-eabi/9.3.1/../../../../arm-none-eabi/lib/thumb/v7e-m+fp/hard\libm.a(lib_a-e_sqrt.o)
                0x0000000008008e6c                __ieee754_sqrt
 .text.fabs     0x0000000008008fd4       0x12 c:/st/stm32cubeide_1.6.0/stm32cubeide/plugins/com.st.stm32cube.ide.mcu.externaltools.gnu-tools-for-stm32.9-2020-q2-update.win32_1.5.0.202011040924/tools/bin/../lib/gcc/arm-none-eabi/9.3.1/../../../../arm-none-eabi/lib/thumb/v7e-m+fp/hard\libm.a(lib_a-s_fabs.o)
                0x0000000008008fd4                fabs
 .text.finite   0x0000000008008fe6       0x16 c:/st/stm32cubeide_1.6.0/stm32cubeide/plugins/com.st.stm32cube.ide.mcu.externaltools.gnu-tools-for-stm32.9-2020-q2-update.win32_1.5.0.202011040924/tools/bin/../lib/gcc/arm-none-eabi/9.3.1/../../../../arm-none-eabi/lib/thumb/v7e-m+fp/hard\libm.a(lib_a-s_finite.o)
                0x0000000008008fe6                finite
 *fill*         0x0000000008008ffc        0x4 
 .text.nan      0x0000000008009000       0x10 c:/st/stm32cubeide_1.6.0/stm32cubeide/plugins/com.st.stm32cube.ide.mcu.externaltools.gnu-tools-for-stm32.9-2020-q2-update.win32_1.5.0.202011040924/tools/bin/../lib/gcc/arm-none-eabi/9.3.1/../../../../arm-none-eabi/lib/thumb/v7e-m+fp/hard\libm.a(lib_a-s_nan.o)
                0x0000000008009000                nan
 .text.rint     0x0000000008009010      0x114 c:/st/stm32cubeide_1.6.0/stm32cubeide/plugins/com.st.stm32cube.ide.mcu.externaltools.gnu-tools-for-stm32.9-2020-q2-update.win32_1.5.0.202011040924/tools/bin/../lib/gcc/arm-none-eabi/9.3.1/../../../../arm-none-eabi/lib/thumb/v7e-m+fp/hard\libm.a(lib_a-s_rint.o)
                0x0000000008009010                rint
 *fill*         0x0000000008009124        0x4 
 .text.scalbn   0x0000000008009128      0x10c c:/st/stm32cubeide_1.6.0/stm32cubeide/plugins/com.st.stm32cube.ide.mcu.externaltools.gnu-tools-for-stm32.9-2020-q2-update.win32_1.5.0.202011040924/tools/bin/../lib/gcc/arm-none-eabi/9.3.1/../../../../arm-none-eabi/lib/thumb/v7e-m+fp/hard\libm.a(lib_a-s_scalbn.o)
                0x0000000008009128                scalbn
 *(.glue_7)
 .glue_7        0x0000000008009234        0x0 linker stubs
 *(.glue_7t)
 .glue_7t       0x0000000008009234        0x0 linker stubs
 *(.eh_frame)
 .eh_frame      0x0000000008009234        0x0 c:/st/stm32cubeide_1.6.0/stm32cubeide/plugins/com.st.stm32cube.ide.mcu.externaltools.gnu-tools-for-stm32.9-2020-q2-update.win32_1.5.0.202011040924/tools/bin/../lib/gcc/arm-none-eabi/9.3.1/thumb/v7e-m+fp/hard/crtbegin.o
 *(.init)
 .init          0x0000000008009234        0x4 c:/st/stm32cubeide_1.6.0/stm32cubeide/plugins/com.st.stm32cube.ide.mcu.externaltools.gnu-tools-for-stm32.9-2020-q2-update.win32_1.5.0.202011040924/tools/bin/../lib/gcc/arm-none-eabi/9.3.1/thumb/v7e-m+fp/hard/crti.o
                0x0000000008009234                _init
 .init          0x0000000008009238        0x8 c:/st/stm32cubeide_1.6.0/stm32cubeide/plugins/com.st.stm32cube.ide.mcu.externaltools.gnu-tools-for-stm32.9-2020-q2-update.win32_1.5.0.202011040924/tools/bin/../lib/gcc/arm-none-eabi/9.3.1/thumb/v7e-m+fp/hard/crtn.o
 *(.fini)
 .fini          0x0000000008009240        0x4 c:/st/stm32cubeide_1.6.0/stm32cubeide/plugins/com.st.stm32cube.ide.mcu.externaltools.gnu-tools-for-stm32.9-2020-q2-update.win32_1.5.0.202011040924/tools/bin/../lib/gcc/arm-none-eabi/9.3.1/thumb/v7e-m+fp/hard/crti.o
                0x0000000008009240                _fini
 .fini          0x0000000008009244        0x8 c:/st/stm32cubeide_1.6.0/stm32cubeide/plugins/com.st.stm32cube.ide.mcu.externaltools.gnu-tools-for-stm32.9-2020-q2-update.win32_1.5.0.202011040924/tools/bin/../lib/gcc/arm-none-eabi/9.3.1/thumb/v7e-m+fp/hard/crtn.o
                0x000000000800924c                . = ALIGN (0x4)
                0x000000000800924c                _etext = .

.vfp11_veneer   0x000000000800924c        0x0
 .vfp11_veneer  0x000000000800924c        0x0 linker stubs

.v4_bx          0x000000000800924c        0x0
 .v4_bx         0x000000000800924c        0x0 linker stubs

.iplt           0x000000000800924c        0x0
 .iplt          0x000000000800924c        0x0 c:/st/stm32cubeide_1.6.0/stm32cubeide/plugins/com.st.stm32cube.ide.mcu.externaltools.gnu-tools-for-stm32.9-2020-q2-update.win32_1.5.0.202011040924/tools/bin/../lib/gcc/arm-none-eabi/9.3.1/thumb/v7e-m+fp/hard/crtbegin.o

.rodata         0x0000000008009250      0x128
                0x0000000008009250                . = ALIGN (0x4)
 *(.rodata)
 .rodata        0x0000000008009250       0x80 Core/Src/main.o
 .rodata        0x00000000080092d0       0x38 Core/Src/modbus.o
 .rodata        0x0000000008009308        0x5 Middlewares/Third_Party/FreeRTOS/Source/tasks.o
 *(.rodata*)
 *fill*         0x000000000800930d        0x3 
 .rodata.voltageConv
                0x0000000008009310        0x4 Core/Src/main.o
                0x0000000008009310                voltageConv
 .rodata.AHBPrescTable
                0x0000000008009314       0x10 Core/Src/system_stm32f4xx.o
                0x0000000008009314                AHBPrescTable
 .rodata.APBPrescTable
                0x0000000008009324        0x8 Core/Src/system_stm32f4xx.o
                0x0000000008009324                APBPrescTable
 .rodata.flagBitshiftOffset.8495
                0x000000000800932c        0x8 Drivers/STM32F4xx_HAL_Driver/Src/stm32f4xx_hal_dma.o
 .rodata.__ieee754_pow.str1.1
                0x0000000008009334        0x1 c:/st/stm32cubeide_1.6.0/stm32cubeide/plugins/com.st.stm32cube.ide.mcu.externaltools.gnu-tools-for-stm32.9-2020-q2-update.win32_1.5.0.202011040924/tools/bin/../lib/gcc/arm-none-eabi/9.3.1/../../../../arm-none-eabi/lib/thumb/v7e-m+fp/hard\libm.a(lib_a-e_pow.o)
 *fill*         0x0000000008009335        0x3 
 .rodata.bp     0x0000000008009338       0x10 c:/st/stm32cubeide_1.6.0/stm32cubeide/plugins/com.st.stm32cube.ide.mcu.externaltools.gnu-tools-for-stm32.9-2020-q2-update.win32_1.5.0.202011040924/tools/bin/../lib/gcc/arm-none-eabi/9.3.1/../../../../arm-none-eabi/lib/thumb/v7e-m+fp/hard\libm.a(lib_a-e_pow.o)
 .rodata.dp_h   0x0000000008009348       0x10 c:/st/stm32cubeide_1.6.0/stm32cubeide/plugins/com.st.stm32cube.ide.mcu.externaltools.gnu-tools-for-stm32.9-2020-q2-update.win32_1.5.0.202011040924/tools/bin/../lib/gcc/arm-none-eabi/9.3.1/../../../../arm-none-eabi/lib/thumb/v7e-m+fp/hard\libm.a(lib_a-e_pow.o)
 .rodata.dp_l   0x0000000008009358       0x10 c:/st/stm32cubeide_1.6.0/stm32cubeide/plugins/com.st.stm32cube.ide.mcu.externaltools.gnu-tools-for-stm32.9-2020-q2-update.win32_1.5.0.202011040924/tools/bin/../lib/gcc/arm-none-eabi/9.3.1/../../../../arm-none-eabi/lib/thumb/v7e-m+fp/hard\libm.a(lib_a-e_pow.o)
 .rodata.TWO52  0x0000000008009368       0x10 c:/st/stm32cubeide_1.6.0/stm32cubeide/plugins/com.st.stm32cube.ide.mcu.externaltools.gnu-tools-for-stm32.9-2020-q2-update.win32_1.5.0.202011040924/tools/bin/../lib/gcc/arm-none-eabi/9.3.1/../../../../arm-none-eabi/lib/thumb/v7e-m+fp/hard\libm.a(lib_a-s_rint.o)
                0x0000000008009378                . = ALIGN (0x4)

.ARM.extab      0x0000000008009378        0x0
                0x0000000008009378                . = ALIGN (0x4)
 *(.ARM.extab* .gnu.linkonce.armextab.*)
                0x0000000008009378                . = ALIGN (0x4)

.ARM            0x0000000008009378        0x8
                0x0000000008009378                . = ALIGN (0x4)
                0x0000000008009378                __exidx_start = .
 *(.ARM.exidx*)
 .ARM.exidx     0x0000000008009378        0x8 c:/st/stm32cubeide_1.6.0/stm32cubeide/plugins/com.st.stm32cube.ide.mcu.externaltools.gnu-tools-for-stm32.9-2020-q2-update.win32_1.5.0.202011040924/tools/bin/../lib/gcc/arm-none-eabi/9.3.1/thumb/v7e-m+fp/hard\libgcc.a(_udivmoddi4.o)
                0x0000000008009380                __exidx_end = .
                0x0000000008009380                . = ALIGN (0x4)

.rel.dyn        0x0000000008009380        0x0
 .rel.iplt      0x0000000008009380        0x0 c:/st/stm32cubeide_1.6.0/stm32cubeide/plugins/com.st.stm32cube.ide.mcu.externaltools.gnu-tools-for-stm32.9-2020-q2-update.win32_1.5.0.202011040924/tools/bin/../lib/gcc/arm-none-eabi/9.3.1/thumb/v7e-m+fp/hard/crtbegin.o

.preinit_array  0x0000000008009380        0x0
                0x0000000008009380                . = ALIGN (0x4)
                0x0000000008009380                PROVIDE (__preinit_array_start = .)
 *(.preinit_array*)
                0x0000000008009380                PROVIDE (__preinit_array_end = .)
                0x0000000008009380                . = ALIGN (0x4)

.init_array     0x0000000008009380        0x4
                0x0000000008009380                . = ALIGN (0x4)
                0x0000000008009380                PROVIDE (__init_array_start = .)
 *(SORT_BY_NAME(.init_array.*))
 *(.init_array*)
 .init_array    0x0000000008009380        0x4 c:/st/stm32cubeide_1.6.0/stm32cubeide/plugins/com.st.stm32cube.ide.mcu.externaltools.gnu-tools-for-stm32.9-2020-q2-update.win32_1.5.0.202011040924/tools/bin/../lib/gcc/arm-none-eabi/9.3.1/thumb/v7e-m+fp/hard/crtbegin.o
                0x0000000008009384                PROVIDE (__init_array_end = .)
                0x0000000008009384                . = ALIGN (0x4)

.fini_array     0x0000000008009384        0x4
                0x0000000008009384                . = ALIGN (0x4)
                [!provide]                        PROVIDE (__fini_array_start = .)
 *(SORT_BY_NAME(.fini_array.*))
 *(.fini_array*)
 .fini_array    0x0000000008009384        0x4 c:/st/stm32cubeide_1.6.0/stm32cubeide/plugins/com.st.stm32cube.ide.mcu.externaltools.gnu-tools-for-stm32.9-2020-q2-update.win32_1.5.0.202011040924/tools/bin/../lib/gcc/arm-none-eabi/9.3.1/thumb/v7e-m+fp/hard/crtbegin.o
                [!provide]                        PROVIDE (__fini_array_end = .)
                0x0000000008009388                . = ALIGN (0x4)
                0x0000000008009388                _sidata = LOADADDR (.data)

.data           0x0000000020000000       0x78 load address 0x0000000008009388
                0x0000000020000000                . = ALIGN (0x4)
                0x0000000020000000                _sdata = .
 *(.data)
 *(.data*)
 .data.SystemCoreClock
                0x0000000020000000        0x4 Core/Src/system_stm32f4xx.o
                0x0000000020000000                SystemCoreClock
 .data.uwTickPrio
                0x0000000020000004        0x4 Drivers/STM32F4xx_HAL_Driver/Src/stm32f4xx_hal.o
                0x0000000020000004                uwTickPrio
 .data.uwTickFreq
                0x0000000020000008        0x1 Drivers/STM32F4xx_HAL_Driver/Src/stm32f4xx_hal.o
                0x0000000020000008                uwTickFreq
 *fill*         0x0000000020000009        0x3 
 .data.uxCriticalNesting
                0x000000002000000c        0x4 Middlewares/Third_Party/FreeRTOS/Source/portable/GCC/ARM_CM4F/port.o
 .data._impure_ptr
                0x0000000020000010        0x4 c:/st/stm32cubeide_1.6.0/stm32cubeide/plugins/com.st.stm32cube.ide.mcu.externaltools.gnu-tools-for-stm32.9-2020-q2-update.win32_1.5.0.202011040924/tools/bin/../lib/gcc/arm-none-eabi/9.3.1/../../../../arm-none-eabi/lib/thumb/v7e-m+fp/hard\libc_nano.a(lib_a-impure.o)
                0x0000000020000010                _impure_ptr
 .data.impure_data
                0x0000000020000014       0x60 c:/st/stm32cubeide_1.6.0/stm32cubeide/plugins/com.st.stm32cube.ide.mcu.externaltools.gnu-tools-for-stm32.9-2020-q2-update.win32_1.5.0.202011040924/tools/bin/../lib/gcc/arm-none-eabi/9.3.1/../../../../arm-none-eabi/lib/thumb/v7e-m+fp/hard\libc_nano.a(lib_a-impure.o)
 .data.__fdlib_version
                0x0000000020000074        0x1 c:/st/stm32cubeide_1.6.0/stm32cubeide/plugins/com.st.stm32cube.ide.mcu.externaltools.gnu-tools-for-stm32.9-2020-q2-update.win32_1.5.0.202011040924/tools/bin/../lib/gcc/arm-none-eabi/9.3.1/../../../../arm-none-eabi/lib/thumb/v7e-m+fp/hard\libm.a(lib_a-s_lib_ver.o)
                0x0000000020000074                __fdlib_version
                0x0000000020000078                . = ALIGN (0x4)
 *fill*         0x0000000020000075        0x3 
                0x0000000020000078                _edata = .

.igot.plt       0x0000000020000078        0x0 load address 0x0000000008009400
 .igot.plt      0x0000000020000078        0x0 c:/st/stm32cubeide_1.6.0/stm32cubeide/plugins/com.st.stm32cube.ide.mcu.externaltools.gnu-tools-for-stm32.9-2020-q2-update.win32_1.5.0.202011040924/tools/bin/../lib/gcc/arm-none-eabi/9.3.1/thumb/v7e-m+fp/hard/crtbegin.o
                0x0000000020000078                . = ALIGN (0x4)

.bss            0x0000000020000078     0x4548 load address 0x0000000008009400
                0x0000000020000078                _sbss = .
                0x0000000020000078                __bss_start__ = _sbss
 *(.bss)
 .bss           0x0000000020000078       0x1c c:/st/stm32cubeide_1.6.0/stm32cubeide/plugins/com.st.stm32cube.ide.mcu.externaltools.gnu-tools-for-stm32.9-2020-q2-update.win32_1.5.0.202011040924/tools/bin/../lib/gcc/arm-none-eabi/9.3.1/thumb/v7e-m+fp/hard/crtbegin.o
 *(.bss*)
 .bss.fac_us    0x0000000020000094        0x1 Core/Src/Delay.o
 *fill*         0x0000000020000095        0x1 
 .bss.fac_ms    0x0000000020000096        0x2 Core/Src/Delay.o
 .bss.xIdleTaskTCBBuffer
                0x0000000020000098       0x54 Core/Src/freertos.o
 .bss.xIdleStack
                0x00000000200000ec      0x200 Core/Src/freertos.o
 .bss.slaveID   0x00000000200002ec        0x1 Core/Src/main.o
                0x00000000200002ec                slaveID
 *fill*         0x00000000200002ed        0x3 
 .bss.pxCurrentTCB
                0x00000000200002f0        0x4 Middlewares/Third_Party/FreeRTOS/Source/tasks.o
                0x00000000200002f0                pxCurrentTCB
 .bss.pxReadyTasksLists
                0x00000000200002f4       0x8c Middlewares/Third_Party/FreeRTOS/Source/tasks.o
 .bss.xDelayedTaskList1
                0x0000000020000380       0x14 Middlewares/Third_Party/FreeRTOS/Source/tasks.o
 .bss.xDelayedTaskList2
                0x0000000020000394       0x14 Middlewares/Third_Party/FreeRTOS/Source/tasks.o
 .bss.pxDelayedTaskList
                0x00000000200003a8        0x4 Middlewares/Third_Party/FreeRTOS/Source/tasks.o
 .bss.pxOverflowDelayedTaskList
                0x00000000200003ac        0x4 Middlewares/Third_Party/FreeRTOS/Source/tasks.o
 .bss.xPendingReadyList
                0x00000000200003b0       0x14 Middlewares/Third_Party/FreeRTOS/Source/tasks.o
 .bss.xTasksWaitingTermination
                0x00000000200003c4       0x14 Middlewares/Third_Party/FreeRTOS/Source/tasks.o
 .bss.uxDeletedTasksWaitingCleanUp
                0x00000000200003d8        0x4 Middlewares/Third_Party/FreeRTOS/Source/tasks.o
 .bss.xSuspendedTaskList
                0x00000000200003dc       0x14 Middlewares/Third_Party/FreeRTOS/Source/tasks.o
 .bss.uxCurrentNumberOfTasks
                0x00000000200003f0        0x4 Middlewares/Third_Party/FreeRTOS/Source/tasks.o
 .bss.xTickCount
                0x00000000200003f4        0x4 Middlewares/Third_Party/FreeRTOS/Source/tasks.o
 .bss.uxTopReadyPriority
                0x00000000200003f8        0x4 Middlewares/Third_Party/FreeRTOS/Source/tasks.o
 .bss.xSchedulerRunning
                0x00000000200003fc        0x4 Middlewares/Third_Party/FreeRTOS/Source/tasks.o
 .bss.uxPendedTicks
                0x0000000020000400        0x4 Middlewares/Third_Party/FreeRTOS/Source/tasks.o
 .bss.xYieldPending
                0x0000000020000404        0x4 Middlewares/Third_Party/FreeRTOS/Source/tasks.o
 .bss.xNumOfOverflows
                0x0000000020000408        0x4 Middlewares/Third_Party/FreeRTOS/Source/tasks.o
 .bss.uxTaskNumber
                0x000000002000040c        0x4 Middlewares/Third_Party/FreeRTOS/Source/tasks.o
 .bss.xNextTaskUnblockTime
                0x0000000020000410        0x4 Middlewares/Third_Party/FreeRTOS/Source/tasks.o
 .bss.xIdleTaskHandle
                0x0000000020000414        0x4 Middlewares/Third_Party/FreeRTOS/Source/tasks.o
 .bss.uxSchedulerSuspended
                0x0000000020000418        0x4 Middlewares/Third_Party/FreeRTOS/Source/tasks.o
 .bss.ucMaxSysCallPriority
                0x000000002000041c        0x1 Middlewares/Third_Party/FreeRTOS/Source/portable/GCC/ARM_CM4F/port.o
 *fill*         0x000000002000041d        0x3 
 .bss.ulMaxPRIGROUPValue
                0x0000000020000420        0x4 Middlewares/Third_Party/FreeRTOS/Source/portable/GCC/ARM_CM4F/port.o
 .bss.ucHeap    0x0000000020000424     0x3c00 Middlewares/Third_Party/FreeRTOS/Source/portable/MemMang/heap_4.o
 .bss.xStart    0x0000000020004024        0x8 Middlewares/Third_Party/FreeRTOS/Source/portable/MemMang/heap_4.o
 .bss.pxEnd     0x000000002000402c        0x4 Middlewares/Third_Party/FreeRTOS/Source/portable/MemMang/heap_4.o
 .bss.xFreeBytesRemaining
                0x0000000020004030        0x4 Middlewares/Third_Party/FreeRTOS/Source/portable/MemMang/heap_4.o
 .bss.xMinimumEverFreeBytesRemaining
                0x0000000020004034        0x4 Middlewares/Third_Party/FreeRTOS/Source/portable/MemMang/heap_4.o
 .bss.xBlockAllocatedBit
                0x0000000020004038        0x4 Middlewares/Third_Party/FreeRTOS/Source/portable/MemMang/heap_4.o
 *(COMMON)
 COMMON         0x000000002000403c       0x20 Core/Src/ads1115.o
                0x000000002000403c                ADS1115_ADDRESS_ADDR_SCL_BOARD
                0x0000000020004044                ADS1115_ADDRESS_ADDR_SDA_BOARD
                0x000000002000404c                ADS1115_ADDRESS_ADDR_GND_BOARD
                0x0000000020004054                ADS1115_ADDRESS_ADDR_VDD_BOARD
 COMMON         0x000000002000405c      0x243 Core/Src/main.o
                0x000000002000405c                hdma_usart6_rx
                0x00000000200040bc                hi2c1
                0x0000000020004110                ModbusTransTaskHandle
                0x0000000020004114                ModbusSetTaskHandle
                0x0000000020004118                ADS1115_ADDRES
                0x000000002000411c                reading
                0x0000000020004120                ADCVALUE
                0x0000000020004130                voltageT
                0x0000000020004140                ADSwrite
                0x0000000020004148                SLAVEID
                0x0000000020004150                result
                0x0000000020004154                huart6
                0x0000000020004194                ADS1115TaskHandle
                0x0000000020004198                SwitchValue
                0x00000000200041a0                rxbuffer
 *fill*         0x000000002000429f        0x1 
 COMMON         0x00000000200042a0      0x2dc Core/Src/modbus.o
                0x00000000200042a0                ModBusTaskHandle
                0x00000000200042a4                mb_reg
                0x000000002000436c                mb_buf_out
                0x000000002000446c                ModBusOutHandle
                0x0000000020004470                mb_addr
                0x0000000020004474                ModBusInHandle
                0x0000000020004478                mb_buf_in_count
                0x0000000020004479                mb_buf_out_count
                0x000000002000447c                mb_buf_in
 COMMON         0x000000002000457c       0x40 Core/Src/stm32f4xx_hal_timebase_tim.o
                0x000000002000457c                htim3
 COMMON         0x00000000200045bc        0x4 Drivers/STM32F4xx_HAL_Driver/Src/stm32f4xx_hal.o
                0x00000000200045bc                uwTick
                0x00000000200045c0                . = ALIGN (0x4)
                0x00000000200045c0                _ebss = .
                0x00000000200045c0                __bss_end__ = _ebss

._user_heap_stack
                0x00000000200045c0      0x600 load address 0x0000000008009400
                0x00000000200045c0                . = ALIGN (0x8)
                0x00000000200045c0                PROVIDE (end = .)
                [!provide]                        PROVIDE (_end = .)
                0x00000000200047c0                . = (. + _Min_Heap_Size)
 *fill*         0x00000000200045c0      0x200 
                0x0000000020004bc0                . = (. + _Min_Stack_Size)
 *fill*         0x00000000200047c0      0x400 
                0x0000000020004bc0                . = ALIGN (0x8)

/DISCARD/
 libc.a(*)
 libm.a(*)
 libgcc.a(*)

.ARM.attributes
                0x0000000000000000       0x30
 *(.ARM.attributes)
 .ARM.attributes
                0x0000000000000000       0x1e c:/st/stm32cubeide_1.6.0/stm32cubeide/plugins/com.st.stm32cube.ide.mcu.externaltools.gnu-tools-for-stm32.9-2020-q2-update.win32_1.5.0.202011040924/tools/bin/../lib/gcc/arm-none-eabi/9.3.1/thumb/v7e-m+fp/hard/crti.o
 .ARM.attributes
                0x000000000000001e       0x34 c:/st/stm32cubeide_1.6.0/stm32cubeide/plugins/com.st.stm32cube.ide.mcu.externaltools.gnu-tools-for-stm32.9-2020-q2-update.win32_1.5.0.202011040924/tools/bin/../lib/gcc/arm-none-eabi/9.3.1/thumb/v7e-m+fp/hard/crtbegin.o
 .ARM.attributes
                0x0000000000000052       0x34 Core/Src/Delay.o
 .ARM.attributes
                0x0000000000000086       0x34 Core/Src/ads1115.o
 .ARM.attributes
                0x00000000000000ba       0x34 Core/Src/freertos.o
 .ARM.attributes
                0x00000000000000ee       0x34 Core/Src/main.o
 .ARM.attributes
                0x0000000000000122       0x34 Core/Src/modbus.o
 .ARM.attributes
                0x0000000000000156       0x34 Core/Src/stm32f4xx_hal_msp.o
 .ARM.attributes
                0x000000000000018a       0x34 Core/Src/stm32f4xx_hal_timebase_tim.o
 .ARM.attributes
                0x00000000000001be       0x34 Core/Src/stm32f4xx_it.o
 .ARM.attributes
                0x00000000000001f2       0x34 Core/Src/system_stm32f4xx.o
 .ARM.attributes
                0x0000000000000226       0x21 Core/Startup/startup_stm32f407vgtx.o
 .ARM.attributes
                0x0000000000000247       0x34 Drivers/STM32F4xx_HAL_Driver/Src/stm32f4xx_hal.o
 .ARM.attributes
                0x000000000000027b       0x34 Drivers/STM32F4xx_HAL_Driver/Src/stm32f4xx_hal_cortex.o
 .ARM.attributes
                0x00000000000002af       0x34 Drivers/STM32F4xx_HAL_Driver/Src/stm32f4xx_hal_dma.o
 .ARM.attributes
                0x00000000000002e3       0x34 Drivers/STM32F4xx_HAL_Driver/Src/stm32f4xx_hal_gpio.o
 .ARM.attributes
                0x0000000000000317       0x34 Drivers/STM32F4xx_HAL_Driver/Src/stm32f4xx_hal_i2c.o
 .ARM.attributes
                0x000000000000034b       0x34 Drivers/STM32F4xx_HAL_Driver/Src/stm32f4xx_hal_rcc.o
 .ARM.attributes
                0x000000000000037f       0x34 Drivers/STM32F4xx_HAL_Driver/Src/stm32f4xx_hal_tim.o
 .ARM.attributes
                0x00000000000003b3       0x34 Drivers/STM32F4xx_HAL_Driver/Src/stm32f4xx_hal_tim_ex.o
 .ARM.attributes
                0x00000000000003e7       0x34 Drivers/STM32F4xx_HAL_Driver/Src/stm32f4xx_hal_uart.o
 .ARM.attributes
                0x000000000000041b       0x34 Middlewares/Third_Party/FreeRTOS/Source/CMSIS_RTOS/cmsis_os.o
 .ARM.attributes
                0x000000000000044f       0x34 Middlewares/Third_Party/FreeRTOS/Source/list.o
 .ARM.attributes
                0x0000000000000483       0x34 Middlewares/Third_Party/FreeRTOS/Source/queue.o
 .ARM.attributes
                0x00000000000004b7       0x34 Middlewares/Third_Party/FreeRTOS/Source/tasks.o
 .ARM.attributes
                0x00000000000004eb       0x34 Middlewares/Third_Party/FreeRTOS/Source/portable/GCC/ARM_CM4F/port.o
 .ARM.attributes
                0x000000000000051f       0x34 Middlewares/Third_Party/FreeRTOS/Source/portable/MemMang/heap_4.o
 .ARM.attributes
                0x0000000000000553       0x34 c:/st/stm32cubeide_1.6.0/stm32cubeide/plugins/com.st.stm32cube.ide.mcu.externaltools.gnu-tools-for-stm32.9-2020-q2-update.win32_1.5.0.202011040924/tools/bin/../lib/gcc/arm-none-eabi/9.3.1/../../../../arm-none-eabi/lib/thumb/v7e-m+fp/hard\libc_nano.a(lib_a-errno.o)
 .ARM.attributes
                0x0000000000000587       0x32 c:/st/stm32cubeide_1.6.0/stm32cubeide/plugins/com.st.stm32cube.ide.mcu.externaltools.gnu-tools-for-stm32.9-2020-q2-update.win32_1.5.0.202011040924/tools/bin/../lib/gcc/arm-none-eabi/9.3.1/../../../../arm-none-eabi/lib/thumb/v7e-m+fp/hard\libc_nano.a(lib_a-impure.o)
 .ARM.attributes
                0x00000000000005b9       0x34 c:/st/stm32cubeide_1.6.0/stm32cubeide/plugins/com.st.stm32cube.ide.mcu.externaltools.gnu-tools-for-stm32.9-2020-q2-update.win32_1.5.0.202011040924/tools/bin/../lib/gcc/arm-none-eabi/9.3.1/../../../../arm-none-eabi/lib/thumb/v7e-m+fp/hard\libc_nano.a(lib_a-init.o)
 .ARM.attributes
                0x00000000000005ed       0x34 c:/st/stm32cubeide_1.6.0/stm32cubeide/plugins/com.st.stm32cube.ide.mcu.externaltools.gnu-tools-for-stm32.9-2020-q2-update.win32_1.5.0.202011040924/tools/bin/../lib/gcc/arm-none-eabi/9.3.1/../../../../arm-none-eabi/lib/thumb/v7e-m+fp/hard\libc_nano.a(lib_a-memcpy-stub.o)
 .ARM.attributes
                0x0000000000000621       0x34 c:/st/stm32cubeide_1.6.0/stm32cubeide/plugins/com.st.stm32cube.ide.mcu.externaltools.gnu-tools-for-stm32.9-2020-q2-update.win32_1.5.0.202011040924/tools/bin/../lib/gcc/arm-none-eabi/9.3.1/../../../../arm-none-eabi/lib/thumb/v7e-m+fp/hard\libc_nano.a(lib_a-memset.o)
 .ARM.attributes
                0x0000000000000655       0x34 c:/st/stm32cubeide_1.6.0/stm32cubeide/plugins/com.st.stm32cube.ide.mcu.externaltools.gnu-tools-for-stm32.9-2020-q2-update.win32_1.5.0.202011040924/tools/bin/../lib/gcc/arm-none-eabi/9.3.1/../../../../arm-none-eabi/lib/thumb/v7e-m+fp/hard\libm.a(lib_a-w_pow.o)
 .ARM.attributes
                0x0000000000000689       0x34 c:/st/stm32cubeide_1.6.0/stm32cubeide/plugins/com.st.stm32cube.ide.mcu.externaltools.gnu-tools-for-stm32.9-2020-q2-update.win32_1.5.0.202011040924/tools/bin/../lib/gcc/arm-none-eabi/9.3.1/../../../../arm-none-eabi/lib/thumb/v7e-m+fp/hard\libm.a(lib_a-e_pow.o)
 .ARM.attributes
                0x00000000000006bd       0x34 c:/st/stm32cubeide_1.6.0/stm32cubeide/plugins/com.st.stm32cube.ide.mcu.externaltools.gnu-tools-for-stm32.9-2020-q2-update.win32_1.5.0.202011040924/tools/bin/../lib/gcc/arm-none-eabi/9.3.1/../../../../arm-none-eabi/lib/thumb/v7e-m+fp/hard\libm.a(lib_a-e_sqrt.o)
 .ARM.attributes
                0x00000000000006f1       0x34 c:/st/stm32cubeide_1.6.0/stm32cubeide/plugins/com.st.stm32cube.ide.mcu.externaltools.gnu-tools-for-stm32.9-2020-q2-update.win32_1.5.0.202011040924/tools/bin/../lib/gcc/arm-none-eabi/9.3.1/../../../../arm-none-eabi/lib/thumb/v7e-m+fp/hard\libm.a(lib_a-s_fabs.o)
 .ARM.attributes
                0x0000000000000725       0x34 c:/st/stm32cubeide_1.6.0/stm32cubeide/plugins/com.st.stm32cube.ide.mcu.externaltools.gnu-tools-for-stm32.9-2020-q2-update.win32_1.5.0.202011040924/tools/bin/../lib/gcc/arm-none-eabi/9.3.1/../../../../arm-none-eabi/lib/thumb/v7e-m+fp/hard\libm.a(lib_a-s_finite.o)
 .ARM.attributes
                0x0000000000000759       0x32 c:/st/stm32cubeide_1.6.0/stm32cubeide/plugins/com.st.stm32cube.ide.mcu.externaltools.gnu-tools-for-stm32.9-2020-q2-update.win32_1.5.0.202011040924/tools/bin/../lib/gcc/arm-none-eabi/9.3.1/../../../../arm-none-eabi/lib/thumb/v7e-m+fp/hard\libm.a(lib_a-s_lib_ver.o)
 .ARM.attributes
                0x000000000000078b       0x34 c:/st/stm32cubeide_1.6.0/stm32cubeide/plugins/com.st.stm32cube.ide.mcu.externaltools.gnu-tools-for-stm32.9-2020-q2-update.win32_1.5.0.202011040924/tools/bin/../lib/gcc/arm-none-eabi/9.3.1/../../../../arm-none-eabi/lib/thumb/v7e-m+fp/hard\libm.a(lib_a-s_nan.o)
 .ARM.attributes
                0x00000000000007bf       0x34 c:/st/stm32cubeide_1.6.0/stm32cubeide/plugins/com.st.stm32cube.ide.mcu.externaltools.gnu-tools-for-stm32.9-2020-q2-update.win32_1.5.0.202011040924/tools/bin/../lib/gcc/arm-none-eabi/9.3.1/../../../../arm-none-eabi/lib/thumb/v7e-m+fp/hard\libm.a(lib_a-s_rint.o)
 .ARM.attributes
                0x00000000000007f3       0x34 c:/st/stm32cubeide_1.6.0/stm32cubeide/plugins/com.st.stm32cube.ide.mcu.externaltools.gnu-tools-for-stm32.9-2020-q2-update.win32_1.5.0.202011040924/tools/bin/../lib/gcc/arm-none-eabi/9.3.1/../../../../arm-none-eabi/lib/thumb/v7e-m+fp/hard\libm.a(lib_a-s_scalbn.o)
 .ARM.attributes
                0x0000000000000827       0x1e c:/st/stm32cubeide_1.6.0/stm32cubeide/plugins/com.st.stm32cube.ide.mcu.externaltools.gnu-tools-for-stm32.9-2020-q2-update.win32_1.5.0.202011040924/tools/bin/../lib/gcc/arm-none-eabi/9.3.1/thumb/v7e-m+fp/hard\libgcc.a(_arm_addsubdf3.o)
 .ARM.attributes
                0x0000000000000845       0x1e c:/st/stm32cubeide_1.6.0/stm32cubeide/plugins/com.st.stm32cube.ide.mcu.externaltools.gnu-tools-for-stm32.9-2020-q2-update.win32_1.5.0.202011040924/tools/bin/../lib/gcc/arm-none-eabi/9.3.1/thumb/v7e-m+fp/hard\libgcc.a(_arm_muldivdf3.o)
 .ARM.attributes
                0x0000000000000863       0x1e c:/st/stm32cubeide_1.6.0/stm32cubeide/plugins/com.st.stm32cube.ide.mcu.externaltools.gnu-tools-for-stm32.9-2020-q2-update.win32_1.5.0.202011040924/tools/bin/../lib/gcc/arm-none-eabi/9.3.1/thumb/v7e-m+fp/hard\libgcc.a(_arm_cmpdf2.o)
 .ARM.attributes
                0x0000000000000881       0x1e c:/st/stm32cubeide_1.6.0/stm32cubeide/plugins/com.st.stm32cube.ide.mcu.externaltools.gnu-tools-for-stm32.9-2020-q2-update.win32_1.5.0.202011040924/tools/bin/../lib/gcc/arm-none-eabi/9.3.1/thumb/v7e-m+fp/hard\libgcc.a(_arm_unorddf2.o)
 .ARM.attributes
                0x000000000000089f       0x1e c:/st/stm32cubeide_1.6.0/stm32cubeide/plugins/com.st.stm32cube.ide.mcu.externaltools.gnu-tools-for-stm32.9-2020-q2-update.win32_1.5.0.202011040924/tools/bin/../lib/gcc/arm-none-eabi/9.3.1/thumb/v7e-m+fp/hard\libgcc.a(_arm_fixunsdfsi.o)
 .ARM.attributes
                0x00000000000008bd       0x1e c:/st/stm32cubeide_1.6.0/stm32cubeide/plugins/com.st.stm32cube.ide.mcu.externaltools.gnu-tools-for-stm32.9-2020-q2-update.win32_1.5.0.202011040924/tools/bin/../lib/gcc/arm-none-eabi/9.3.1/thumb/v7e-m+fp/hard\libgcc.a(_aeabi_uldivmod.o)
 .ARM.attributes
                0x00000000000008db       0x34 c:/st/stm32cubeide_1.6.0/stm32cubeide/plugins/com.st.stm32cube.ide.mcu.externaltools.gnu-tools-for-stm32.9-2020-q2-update.win32_1.5.0.202011040924/tools/bin/../lib/gcc/arm-none-eabi/9.3.1/thumb/v7e-m+fp/hard\libgcc.a(_udivmoddi4.o)
 .ARM.attributes
                0x000000000000090f       0x1e c:/st/stm32cubeide_1.6.0/stm32cubeide/plugins/com.st.stm32cube.ide.mcu.externaltools.gnu-tools-for-stm32.9-2020-q2-update.win32_1.5.0.202011040924/tools/bin/../lib/gcc/arm-none-eabi/9.3.1/thumb/v7e-m+fp/hard\libgcc.a(_dvmd_tls.o)
 .ARM.attributes
                0x000000000000092d       0x1e c:/st/stm32cubeide_1.6.0/stm32cubeide/plugins/com.st.stm32cube.ide.mcu.externaltools.gnu-tools-for-stm32.9-2020-q2-update.win32_1.5.0.202011040924/tools/bin/../lib/gcc/arm-none-eabi/9.3.1/thumb/v7e-m+fp/hard/crtn.o
OUTPUT(STM32F4_ModbusRTU_ADS1115.elf elf32-littlearm)
LOAD linker stubs
LOAD c:/st/stm32cubeide_1.6.0/stm32cubeide/plugins/com.st.stm32cube.ide.mcu.externaltools.gnu-tools-for-stm32.9-2020-q2-update.win32_1.5.0.202011040924/tools/bin/../lib/gcc/arm-none-eabi/9.3.1/../../../../arm-none-eabi/lib/thumb/v7e-m+fp/hard\libc.a
LOAD c:/st/stm32cubeide_1.6.0/stm32cubeide/plugins/com.st.stm32cube.ide.mcu.externaltools.gnu-tools-for-stm32.9-2020-q2-update.win32_1.5.0.202011040924/tools/bin/../lib/gcc/arm-none-eabi/9.3.1/../../../../arm-none-eabi/lib/thumb/v7e-m+fp/hard\libm.a
LOAD c:/st/stm32cubeide_1.6.0/stm32cubeide/plugins/com.st.stm32cube.ide.mcu.externaltools.gnu-tools-for-stm32.9-2020-q2-update.win32_1.5.0.202011040924/tools/bin/../lib/gcc/arm-none-eabi/9.3.1/thumb/v7e-m+fp/hard\libgcc.a

.debug_info     0x0000000000000000    0x1911f
 .debug_info    0x0000000000000000      0x30d Core/Src/Delay.o
 .debug_info    0x000000000000030d      0x928 Core/Src/ads1115.o
 .debug_info    0x0000000000000c35      0x36d Core/Src/freertos.o
 .debug_info    0x0000000000000fa2     0x24e7 Core/Src/main.o
 .debug_info    0x0000000000003489      0x99d Core/Src/modbus.o
 .debug_info    0x0000000000003e26      0xf75 Core/Src/stm32f4xx_hal_msp.o
 .debug_info    0x0000000000004d9b      0xbc5 Core/Src/stm32f4xx_hal_timebase_tim.o
 .debug_info    0x0000000000005960      0x9ac Core/Src/stm32f4xx_it.o
 .debug_info    0x000000000000630c      0x5a4 Core/Src/system_stm32f4xx.o
 .debug_info    0x00000000000068b0       0x22 Core/Startup/startup_stm32f407vgtx.o
 .debug_info    0x00000000000068d2      0x9b2 Drivers/STM32F4xx_HAL_Driver/Src/stm32f4xx_hal.o
 .debug_info    0x0000000000007284      0xed7 Drivers/STM32F4xx_HAL_Driver/Src/stm32f4xx_hal_cortex.o
 .debug_info    0x000000000000815b      0x9f1 Drivers/STM32F4xx_HAL_Driver/Src/stm32f4xx_hal_dma.o
 .debug_info    0x0000000000008b4c      0x82e Drivers/STM32F4xx_HAL_Driver/Src/stm32f4xx_hal_gpio.o
 .debug_info    0x000000000000937a     0x25bb Drivers/STM32F4xx_HAL_Driver/Src/stm32f4xx_hal_i2c.o
 .debug_info    0x000000000000b935      0x996 Drivers/STM32F4xx_HAL_Driver/Src/stm32f4xx_hal_rcc.o
 .debug_info    0x000000000000c2cb     0x26cd Drivers/STM32F4xx_HAL_Driver/Src/stm32f4xx_hal_tim.o
 .debug_info    0x000000000000e998     0x125f Drivers/STM32F4xx_HAL_Driver/Src/stm32f4xx_hal_tim_ex.o
 .debug_info    0x000000000000fbf7     0x1357 Drivers/STM32F4xx_HAL_Driver/Src/stm32f4xx_hal_uart.o
 .debug_info    0x0000000000010f4e     0x203a Middlewares/Third_Party/FreeRTOS/Source/CMSIS_RTOS/cmsis_os.o
 .debug_info    0x0000000000012f88      0xb82 Middlewares/Third_Party/FreeRTOS/Source/list.o
 .debug_info    0x0000000000013b0a     0x1fea Middlewares/Third_Party/FreeRTOS/Source/queue.o
 .debug_info    0x0000000000015af4     0x24c3 Middlewares/Third_Party/FreeRTOS/Source/tasks.o
 .debug_info    0x0000000000017fb7      0x4f1 Middlewares/Third_Party/FreeRTOS/Source/portable/GCC/ARM_CM4F/port.o
 .debug_info    0x00000000000184a8      0xc77 Middlewares/Third_Party/FreeRTOS/Source/portable/MemMang/heap_4.o

.debug_abbrev   0x0000000000000000     0x37a9
 .debug_abbrev  0x0000000000000000      0x174 Core/Src/Delay.o
 .debug_abbrev  0x0000000000000174      0x1d7 Core/Src/ads1115.o
 .debug_abbrev  0x000000000000034b      0x11d Core/Src/freertos.o
 .debug_abbrev  0x0000000000000468      0x36a Core/Src/main.o
 .debug_abbrev  0x00000000000007d2      0x221 Core/Src/modbus.o
 .debug_abbrev  0x00000000000009f3      0x1b5 Core/Src/stm32f4xx_hal_msp.o
 .debug_abbrev  0x0000000000000ba8      0x1bf Core/Src/stm32f4xx_hal_timebase_tim.o
 .debug_abbrev  0x0000000000000d67      0x1aa Core/Src/stm32f4xx_it.o
 .debug_abbrev  0x0000000000000f11      0x145 Core/Src/system_stm32f4xx.o
 .debug_abbrev  0x0000000000001056       0x12 Core/Startup/startup_stm32f407vgtx.o
 .debug_abbrev  0x0000000000001068      0x1ed Drivers/STM32F4xx_HAL_Driver/Src/stm32f4xx_hal.o
 .debug_abbrev  0x0000000000001255      0x33c Drivers/STM32F4xx_HAL_Driver/Src/stm32f4xx_hal_cortex.o
 .debug_abbrev  0x0000000000001591      0x259 Drivers/STM32F4xx_HAL_Driver/Src/stm32f4xx_hal_dma.o
 .debug_abbrev  0x00000000000017ea      0x1f1 Drivers/STM32F4xx_HAL_Driver/Src/stm32f4xx_hal_gpio.o
 .debug_abbrev  0x00000000000019db      0x282 Drivers/STM32F4xx_HAL_Driver/Src/stm32f4xx_hal_i2c.o
 .debug_abbrev  0x0000000000001c5d      0x275 Drivers/STM32F4xx_HAL_Driver/Src/stm32f4xx_hal_rcc.o
 .debug_abbrev  0x0000000000001ed2      0x25e Drivers/STM32F4xx_HAL_Driver/Src/stm32f4xx_hal_tim.o
 .debug_abbrev  0x0000000000002130      0x24c Drivers/STM32F4xx_HAL_Driver/Src/stm32f4xx_hal_tim_ex.o
 .debug_abbrev  0x000000000000237c      0x270 Drivers/STM32F4xx_HAL_Driver/Src/stm32f4xx_hal_uart.o
 .debug_abbrev  0x00000000000025ec      0x3c2 Middlewares/Third_Party/FreeRTOS/Source/CMSIS_RTOS/cmsis_os.o
 .debug_abbrev  0x00000000000029ae      0x1f7 Middlewares/Third_Party/FreeRTOS/Source/list.o
 .debug_abbrev  0x0000000000002ba5      0x380 Middlewares/Third_Party/FreeRTOS/Source/queue.o
 .debug_abbrev  0x0000000000002f25      0x380 Middlewares/Third_Party/FreeRTOS/Source/tasks.o
 .debug_abbrev  0x00000000000032a5      0x231 Middlewares/Third_Party/FreeRTOS/Source/portable/GCC/ARM_CM4F/port.o
 .debug_abbrev  0x00000000000034d6      0x2d3 Middlewares/Third_Party/FreeRTOS/Source/portable/MemMang/heap_4.o

.debug_aranges  0x0000000000000000     0x1500
 .debug_aranges
                0x0000000000000000       0x48 Core/Src/Delay.o
 .debug_aranges
                0x0000000000000048       0x30 Core/Src/ads1115.o
 .debug_aranges
                0x0000000000000078       0x20 Core/Src/freertos.o
 .debug_aranges
                0x0000000000000098       0x80 Core/Src/main.o
 .debug_aranges
                0x0000000000000118       0x58 Core/Src/modbus.o
 .debug_aranges
                0x0000000000000170       0x40 Core/Src/stm32f4xx_hal_msp.o
 .debug_aranges
                0x00000000000001b0       0x30 Core/Src/stm32f4xx_hal_timebase_tim.o
 .debug_aranges
                0x00000000000001e0       0x60 Core/Src/stm32f4xx_it.o
 .debug_aranges
                0x0000000000000240       0x28 Core/Src/system_stm32f4xx.o
 .debug_aranges
                0x0000000000000268       0x28 Core/Startup/startup_stm32f407vgtx.o
 .debug_aranges
                0x0000000000000290       0xf0 Drivers/STM32F4xx_HAL_Driver/Src/stm32f4xx_hal.o
 .debug_aranges
                0x0000000000000380      0x118 Drivers/STM32F4xx_HAL_Driver/Src/stm32f4xx_hal_cortex.o
 .debug_aranges
                0x0000000000000498       0x90 Drivers/STM32F4xx_HAL_Driver/Src/stm32f4xx_hal_dma.o
 .debug_aranges
                0x0000000000000528       0x58 Drivers/STM32F4xx_HAL_Driver/Src/stm32f4xx_hal_gpio.o
 .debug_aranges
                0x0000000000000580      0x298 Drivers/STM32F4xx_HAL_Driver/Src/stm32f4xx_hal_i2c.o
 .debug_aranges
                0x0000000000000818       0x88 Drivers/STM32F4xx_HAL_Driver/Src/stm32f4xx_hal_rcc.o
 .debug_aranges
                0x00000000000008a0      0x3a8 Drivers/STM32F4xx_HAL_Driver/Src/stm32f4xx_hal_tim.o
 .debug_aranges
                0x0000000000000c48      0x150 Drivers/STM32F4xx_HAL_Driver/Src/stm32f4xx_hal_tim_ex.o
 .debug_aranges
                0x0000000000000d98      0x1d0 Drivers/STM32F4xx_HAL_Driver/Src/stm32f4xx_hal_uart.o
 .debug_aranges
                0x0000000000000f68      0x1d8 Middlewares/Third_Party/FreeRTOS/Source/CMSIS_RTOS/cmsis_os.o
 .debug_aranges
                0x0000000000001140       0x40 Middlewares/Third_Party/FreeRTOS/Source/list.o
 .debug_aranges
                0x0000000000001180      0x108 Middlewares/Third_Party/FreeRTOS/Source/queue.o
 .debug_aranges
                0x0000000000001288      0x1a8 Middlewares/Third_Party/FreeRTOS/Source/tasks.o
 .debug_aranges
                0x0000000000001430       0x80 Middlewares/Third_Party/FreeRTOS/Source/portable/GCC/ARM_CM4F/port.o
 .debug_aranges
                0x00000000000014b0       0x50 Middlewares/Third_Party/FreeRTOS/Source/portable/MemMang/heap_4.o

.debug_ranges   0x0000000000000000     0x1398
 .debug_ranges  0x0000000000000000       0x38 Core/Src/Delay.o
 .debug_ranges  0x0000000000000038       0x20 Core/Src/ads1115.o
 .debug_ranges  0x0000000000000058       0x10 Core/Src/freertos.o
 .debug_ranges  0x0000000000000068       0x70 Core/Src/main.o
 .debug_ranges  0x00000000000000d8       0x48 Core/Src/modbus.o
 .debug_ranges  0x0000000000000120       0x30 Core/Src/stm32f4xx_hal_msp.o
 .debug_ranges  0x0000000000000150       0x20 Core/Src/stm32f4xx_hal_timebase_tim.o
 .debug_ranges  0x0000000000000170       0x50 Core/Src/stm32f4xx_it.o
 .debug_ranges  0x00000000000001c0       0x18 Core/Src/system_stm32f4xx.o
 .debug_ranges  0x00000000000001d8       0x20 Core/Startup/startup_stm32f407vgtx.o
 .debug_ranges  0x00000000000001f8       0xe0 Drivers/STM32F4xx_HAL_Driver/Src/stm32f4xx_hal.o
 .debug_ranges  0x00000000000002d8      0x108 Drivers/STM32F4xx_HAL_Driver/Src/stm32f4xx_hal_cortex.o
 .debug_ranges  0x00000000000003e0       0x80 Drivers/STM32F4xx_HAL_Driver/Src/stm32f4xx_hal_dma.o
 .debug_ranges  0x0000000000000460       0x48 Drivers/STM32F4xx_HAL_Driver/Src/stm32f4xx_hal_gpio.o
 .debug_ranges  0x00000000000004a8      0x2a8 Drivers/STM32F4xx_HAL_Driver/Src/stm32f4xx_hal_i2c.o
 .debug_ranges  0x0000000000000750       0x78 Drivers/STM32F4xx_HAL_Driver/Src/stm32f4xx_hal_rcc.o
 .debug_ranges  0x00000000000007c8      0x398 Drivers/STM32F4xx_HAL_Driver/Src/stm32f4xx_hal_tim.o
 .debug_ranges  0x0000000000000b60      0x140 Drivers/STM32F4xx_HAL_Driver/Src/stm32f4xx_hal_tim_ex.o
 .debug_ranges  0x0000000000000ca0      0x1c0 Drivers/STM32F4xx_HAL_Driver/Src/stm32f4xx_hal_uart.o
 .debug_ranges  0x0000000000000e60      0x1c8 Middlewares/Third_Party/FreeRTOS/Source/CMSIS_RTOS/cmsis_os.o
 .debug_ranges  0x0000000000001028       0x30 Middlewares/Third_Party/FreeRTOS/Source/list.o
 .debug_ranges  0x0000000000001058       0xf8 Middlewares/Third_Party/FreeRTOS/Source/queue.o
 .debug_ranges  0x0000000000001150      0x198 Middlewares/Third_Party/FreeRTOS/Source/tasks.o
 .debug_ranges  0x00000000000012e8       0x70 Middlewares/Third_Party/FreeRTOS/Source/portable/GCC/ARM_CM4F/port.o
 .debug_ranges  0x0000000000001358       0x40 Middlewares/Third_Party/FreeRTOS/Source/portable/MemMang/heap_4.o

.debug_macro    0x0000000000000000    0x239b2
 .debug_macro   0x0000000000000000      0x1ec Core/Src/Delay.o
 .debug_macro   0x00000000000001ec      0xaa8 Core/Src/Delay.o
 .debug_macro   0x0000000000000c94       0x22 Core/Src/Delay.o
 .debug_macro   0x0000000000000cb6       0x8e Core/Src/Delay.o
 .debug_macro   0x0000000000000d44       0x51 Core/Src/Delay.o
 .debug_macro   0x0000000000000d95      0x103 Core/Src/Delay.o
 .debug_macro   0x0000000000000e98       0x6a Core/Src/Delay.o
 .debug_macro   0x0000000000000f02      0x1df Core/Src/Delay.o
 .debug_macro   0x00000000000010e1      0x190 Core/Src/Delay.o
 .debug_macro   0x0000000000001271       0x2e Core/Src/Delay.o
 .debug_macro   0x000000000000129f       0x2f Core/Src/Delay.o
 .debug_macro   0x00000000000012ce       0x1c Core/Src/Delay.o
 .debug_macro   0x00000000000012ea       0x22 Core/Src/Delay.o
 .debug_macro   0x000000000000130c       0xdf Core/Src/Delay.o
 .debug_macro   0x00000000000013eb     0x102d Core/Src/Delay.o
 .debug_macro   0x0000000000002418      0x11f Core/Src/Delay.o
 .debug_macro   0x0000000000002537    0x15e3c Core/Src/Delay.o
 .debug_macro   0x0000000000018373       0x43 Core/Src/Delay.o
 .debug_macro   0x00000000000183b6     0x3659 Core/Src/Delay.o
 .debug_macro   0x000000000001ba0f      0x174 Core/Src/Delay.o
 .debug_macro   0x000000000001bb83       0x5a Core/Src/Delay.o
 .debug_macro   0x000000000001bbdd      0x96b Core/Src/Delay.o
 .debug_macro   0x000000000001c548      0x9fe Core/Src/Delay.o
 .debug_macro   0x000000000001cf46      0x174 Core/Src/Delay.o
 .debug_macro   0x000000000001d0ba      0x117 Core/Src/Delay.o
 .debug_macro   0x000000000001d1d1      0x13e Core/Src/Delay.o
 .debug_macro   0x000000000001d30f       0x27 Core/Src/Delay.o
 .debug_macro   0x000000000001d336      0x287 Core/Src/Delay.o
 .debug_macro   0x000000000001d5bd       0x5f Core/Src/Delay.o
 .debug_macro   0x000000000001d61c      0x236 Core/Src/Delay.o
 .debug_macro   0x000000000001d852      0x12c Core/Src/Delay.o
 .debug_macro   0x000000000001d97e      0x21e Core/Src/Delay.o
 .debug_macro   0x000000000001db9c       0x2e Core/Src/Delay.o
 .debug_macro   0x000000000001dbca      0x1b5 Core/Src/Delay.o
 .debug_macro   0x000000000001dd7f       0xd6 Core/Src/Delay.o
 .debug_macro   0x000000000001de55      0x11a Core/Src/Delay.o
 .debug_macro   0x000000000001df6f       0x7e Core/Src/Delay.o
 .debug_macro   0x000000000001dfed       0x89 Core/Src/Delay.o
 .debug_macro   0x000000000001e076      0x8a0 Core/Src/Delay.o
 .debug_macro   0x000000000001e916       0x47 Core/Src/Delay.o
 .debug_macro   0x000000000001e95d      0x287 Core/Src/Delay.o
 .debug_macro   0x000000000001ebe4      0x12d Core/Src/Delay.o
 .debug_macro   0x000000000001ed11      0x200 Core/Src/ads1115.o
 .debug_macro   0x000000000001ef11       0x64 Core/Src/ads1115.o
 .debug_macro   0x000000000001ef75      0x196 Core/Src/ads1115.o
 .debug_macro   0x000000000001f10b      0x25f Core/Src/freertos.o
 .debug_macro   0x000000000001f36a       0xea Core/Src/freertos.o
 .debug_macro   0x000000000001f454      0x15a Core/Src/freertos.o
 .debug_macro   0x000000000001f5ae       0xde Core/Src/freertos.o
 .debug_macro   0x000000000001f68c       0x1c Core/Src/freertos.o
 .debug_macro   0x000000000001f6a8       0x26 Core/Src/freertos.o
 .debug_macro   0x000000000001f6ce      0x4e8 Core/Src/freertos.o
 .debug_macro   0x000000000001fbb6       0xb5 Core/Src/freertos.o
 .debug_macro   0x000000000001fc6b       0xaa Core/Src/freertos.o
 .debug_macro   0x000000000001fd15      0x43c Core/Src/main.o
 .debug_macro   0x0000000000020151       0xea Core/Src/main.o
 .debug_macro   0x000000000002023b       0x91 Core/Src/main.o
 .debug_macro   0x00000000000202cc       0x8d Core/Src/main.o
 .debug_macro   0x0000000000020359       0x7e Core/Src/main.o
 .debug_macro   0x00000000000203d7       0x19 Core/Src/main.o
 .debug_macro   0x00000000000203f0       0xf2 Core/Src/main.o
 .debug_macro   0x00000000000204e2       0x10 Core/Src/main.o