main.c:113:5:main	104	static
main.c:231:6:SystemClock_Config	88	static
main.c:275:13:MX_I2C1_Init	8	static
main.c:309:13:MX_USART6_UART_Init	8	static
main.c:340:13:MX_DMA_Init	16	static
main.c:358:13:MX_GPIO_Init	40	static
main.c:378:6:USER_UART_IRQHandler	24	static
main.c:391:6:USAR_UART_IDLECallback	24	static
main.c:423:6:ModbusTransThread	288	static
main.c:460:6:ModbusSetThread	16	static
main.c:487:6:ADS1115Thread	24	static
main.c:529:6:HAL_TIM_PeriodElapsedCallback	16	static
main.c:546:6:Error_Handler	4	static
