main.c:111:5:main	104	static
main.c:229:6:SystemClock_Config	88	static
main.c:273:13:MX_I2C1_Init	8	static
main.c:307:13:MX_USART6_UART_Init	8	static
main.c:338:13:MX_DMA_Init	16	static
main.c:356:13:MX_GPIO_Init	40	static
main.c:391:6:USER_UART_IRQHandler	24	static
main.c:404:6:USAR_UART_IDLECallback	24	static,ignoring_inline_asm
main.c:449:6:ModbusTransThread	288	static
main.c:487:6:ModbusSetThread	16	static
main.c:523:6:ADS1115Thread	24	static
main.c:565:6:HAL_TIM_PeriodElapsedCallback	16	static
main.c:582:6:Error_Handler	4	static
